Component: ARM Compiler 5.06 update 4 (build 422) Tool: armlink [4d35d2]

==============================================================================

Section Cross References

    startup_stm32f103xb.o(RESET) refers to startup_stm32f103xb.o(STACK) for __initial_sp
    startup_stm32f103xb.o(RESET) refers to startup_stm32f103xb.o(.text) for Reset_Handler
    startup_stm32f103xb.o(RESET) refers to stm32f1xx_it.o(i.NMI_Handler) for NMI_Handler
    startup_stm32f103xb.o(RESET) refers to stm32f1xx_it.o(i.HardFault_Handler) for HardFault_Handler
    startup_stm32f103xb.o(RESET) refers to stm32f1xx_it.o(i.MemManage_Handler) for MemManage_Handler
    startup_stm32f103xb.o(RESET) refers to stm32f1xx_it.o(i.BusFault_Handler) for BusFault_Handler
    startup_stm32f103xb.o(RESET) refers to stm32f1xx_it.o(i.UsageFault_Handler) for UsageFault_Handler
    startup_stm32f103xb.o(RESET) refers to port.o(.emb_text) for SVC_Handler
    startup_stm32f103xb.o(RESET) refers to stm32f1xx_it.o(i.DebugMon_Handler) for DebugMon_Handler
    startup_stm32f103xb.o(RESET) refers to stm32f1xx_it.o(i.SysTick_Handler) for SysTick_Handler
    startup_stm32f103xb.o(RESET) refers to stm32f1xx_it.o(i.EXTI1_IRQHandler) for EXTI1_IRQHandler
    startup_stm32f103xb.o(RESET) refers to stm32f1xx_it.o(i.TIM4_IRQHandler) for TIM4_IRQHandler
    startup_stm32f103xb.o(RESET) refers to stm32f1xx_it.o(i.EXTI15_10_IRQHandler) for EXTI15_10_IRQHandler
    startup_stm32f103xb.o(.text) refers to system_stm32f1xx.o(i.SystemInit) for SystemInit
    startup_stm32f103xb.o(.text) refers to entry.o(.ARM.Collect$$$$00000000) for __main
    dht11.o(i.DHT11_PP_OUT) refers to stm32f1xx_hal_gpio.o(i.HAL_GPIO_Init) for HAL_GPIO_Init
    dht11.o(i.DHT11_ReadByte) refers to stm32f1xx_hal_gpio.o(i.HAL_GPIO_ReadPin) for HAL_GPIO_ReadPin
    dht11.o(i.DHT11_ReadByte) refers to main.o(i.m_delay_us) for m_delay_us
    dht11.o(i.DHT11_ReadData) refers to dht11.o(i.DHT11_PP_OUT) for DHT11_PP_OUT
    dht11.o(i.DHT11_ReadData) refers to stm32f1xx_hal_gpio.o(i.HAL_GPIO_WritePin) for HAL_GPIO_WritePin
    dht11.o(i.DHT11_ReadData) refers to stm32f1xx_hal.o(i.HAL_Delay) for HAL_Delay
    dht11.o(i.DHT11_ReadData) refers to main.o(i.m_delay_us) for m_delay_us
    dht11.o(i.DHT11_ReadData) refers to stm32f1xx_hal_gpio.o(i.HAL_GPIO_Init) for HAL_GPIO_Init
    dht11.o(i.DHT11_ReadData) refers to stm32f1xx_hal_gpio.o(i.HAL_GPIO_ReadPin) for HAL_GPIO_ReadPin
    dht11.o(i.DHT11_ReadData) refers to dht11.o(i.DHT11_ReadByte) for DHT11_ReadByte
    air.o(i.Air_off) refers to stm32f1xx_hal_gpio.o(i.HAL_GPIO_WritePin) for HAL_GPIO_WritePin
    air.o(i.Air_on) refers to stm32f1xx_hal_gpio.o(i.HAL_GPIO_WritePin) for HAL_GPIO_WritePin
    freertos_task.o(i.FreeRtos_Start) refers to tasks.o(i.xTaskCreate) for xTaskCreate
    freertos_task.o(i.FreeRtos_Start) refers to tasks.o(i.vTaskStartScheduler) for vTaskStartScheduler
    freertos_task.o(i.FreeRtos_Start) refers to freertos_task.o(.data) for .data
    freertos_task.o(i.FreeRtos_Start) refers to freertos_task.o(i.start_task) for start_task
    freertos_task.o(i.start_task) refers to port.o(i.vPortEnterCritical) for vPortEnterCritical
    freertos_task.o(i.start_task) refers to tasks.o(i.xTaskCreate) for xTaskCreate
    freertos_task.o(i.start_task) refers to tasks.o(i.vTaskDelete) for vTaskDelete
    freertos_task.o(i.start_task) refers to port.o(i.vPortExitCritical) for vPortExitCritical
    freertos_task.o(i.start_task) refers to freertos_task.o(.data) for .data
    freertos_task.o(i.start_task) refers to freertos_task.o(i.task1) for task1
    freertos_task.o(i.start_task) refers to freertos_task.o(i.task2) for task2
    freertos_task.o(i.start_task) refers to freertos_task.o(i.task3) for task3
    freertos_task.o(i.task1) refers to stm32f1xx_hal_adc.o(i.HAL_ADC_Start_DMA) for HAL_ADC_Start_DMA
    freertos_task.o(i.task1) refers to printfa.o(i.__0printf) for __2printf
    freertos_task.o(i.task1) refers to dht11.o(i.DHT11_ReadData) for DHT11_ReadData
    freertos_task.o(i.task1) refers to ffltui.o(.text) for __aeabi_ui2f
    freertos_task.o(i.task1) refers to stm32f1xx_hal_gpio.o(i.HAL_GPIO_WritePin) for HAL_GPIO_WritePin
    freertos_task.o(i.task1) refers to f2d.o(.text) for __aeabi_f2d
    freertos_task.o(i.task1) refers to printfa.o(i.__0sprintf) for __2sprintf
    freertos_task.o(i.task1) refers to strlen.o(.text) for strlen
    freertos_task.o(i.task1) refers to stm32f1xx_hal_uart.o(i.HAL_UART_Transmit) for HAL_UART_Transmit
    freertos_task.o(i.task1) refers to tasks.o(i.vTaskDelay) for vTaskDelay
    freertos_task.o(i.task1) refers to adc.o(.bss) for hadc1
    freertos_task.o(i.task1) refers to freertos_task.o(.data) for .data
    freertos_task.o(i.task1) refers to freertos_task.o(.conststring) for .conststring
    freertos_task.o(i.task1) refers to usart.o(.bss) for huart1
    freertos_task.o(i.task2) refers to _scanf_int.o(.text) for _scanf_int
    freertos_task.o(i.task2) refers to printfa.o(i.__0printf) for __2printf
[...]
    ..\Core\Src\dht11.c                      0x00000000   Number         0  dht11.o ABSOLUTE
    ..\Core\Src\dma.c                        0x00000000   Number         0  dma.o ABSOLUTE
    ..\Core\Src\freertos_task.c              0x00000000   Number         0  freertos_task.o ABSOLUTE
    ..\Core\Src\gpio.c                       0x00000000   Number         0  gpio.o ABSOLUTE
    ..\Core\Src\main.c                       0x00000000   Number         0  main.o ABSOLUTE
    ..\Core\Src\stm32f1xx_hal_msp.c          0x00000000   Number         0  stm32f1xx_hal_msp.o ABSOLUTE
    ..\Core\Src\stm32f1xx_hal_timebase_tim.c 0x00000000   Number         0  stm32f1xx_hal_timebase_tim.o ABSOLUTE
    ..\Core\Src\stm32f1xx_it.c               0x00000000   Number         0  stm32f1xx_it.o ABSOLUTE
    ..\Core\Src\system_stm32f1xx.c           0x00000000   Number         0  system_stm32f1xx.o ABSOLUTE
    ..\Core\Src\tim.c                        0x00000000   Number         0  tim.o ABSOLUTE
    ..\Core\Src\usart.c                      0x00000000   Number         0  usart.o ABSOLUTE
    ..\Drivers\STM32F1xx_HAL_Driver\Src\stm32f1xx_hal.c 0x00000000   Number         0  stm32f1xx_hal.o ABSOLUTE
    ..\Drivers\STM32F1xx_HAL_Driver\Src\stm32f1xx_hal_adc.c 0x00000000   Number         0  stm32f1xx_hal_adc.o ABSOLUTE
    ..\Drivers\STM32F1xx_HAL_Driver\Src\stm32f1xx_hal_adc_ex.c 0x00000000   Number         0  stm32f1xx_hal_adc_ex.o ABSOLUTE
    ..\Drivers\STM32F1xx_HAL_Driver\Src\stm32f1xx_hal_cortex.c 0x00000000   Number         0  stm32f1xx_hal_cortex.o ABSOLUTE
    ..\Drivers\STM32F1xx_HAL_Driver\Src\stm32f1xx_hal_dma.c 0x00000000   Number         0  stm32f1xx_hal_dma.o ABSOLUTE
    ..\Drivers\STM32F1xx_HAL_Driver\Src\stm32f1xx_hal_exti.c 0x00000000   Number         0  stm32f1xx_hal_exti.o ABSOLUTE
    ..\Drivers\STM32F1xx_HAL_Driver\Src\stm32f1xx_hal_flash.c 0x00000000   Number         0  stm32f1xx_hal_flash.o ABSOLUTE
    ..\Drivers\STM32F1xx_HAL_Driver\Src\stm32f1xx_hal_flash_ex.c 0x00000000   Number         0  stm32f1xx_hal_flash_ex.o ABSOLUTE
    ..\Drivers\STM32F1xx_HAL_Driver\Src\stm32f1xx_hal_gpio.c 0x00000000   Number         0  stm32f1xx_hal_gpio.o ABSOLUTE
    ..\Drivers\STM32F1xx_HAL_Driver\Src\stm32f1xx_hal_gpio_ex.c 0x00000000   Number         0  stm32f1xx_hal_gpio_ex.o ABSOLUTE
    ..\Drivers\STM32F1xx_HAL_Driver\Src\stm32f1xx_hal_pwr.c 0x00000000   Number         0  stm32f1xx_hal_pwr.o ABSOLUTE
    ..\Drivers\STM32F1xx_HAL_Driver\Src\stm32f1xx_hal_rcc.c 0x00000000   Number         0  stm32f1xx_hal_rcc.o ABSOLUTE
    ..\Drivers\STM32F1xx_HAL_Driver\Src\stm32f1xx_hal_rcc_ex.c 0x00000000   Number         0  stm32f1xx_hal_rcc_ex.o ABSOLUTE
    ..\Drivers\STM32F1xx_HAL_Driver\Src\stm32f1xx_hal_tim.c 0x00000000   Number         0  stm32f1xx_hal_tim.o ABSOLUTE
    ..\Drivers\STM32F1xx_HAL_Driver\Src\stm32f1xx_hal_tim_ex.c 0x00000000   Number         0  stm32f1xx_hal_tim_ex.o ABSOLUTE
    ..\Drivers\STM32F1xx_HAL_Driver\Src\stm32f1xx_hal_uart.c 0x00000000   Number         0  stm32f1xx_hal_uart.o ABSOLUTE
    ..\FreeRTOS\Portable\MemMang\heap_4.c    0x00000000   Number         0  heap_4.o ABSOLUTE
    ..\FreeRTOS\Portable\RVDS\ARM_CM3\port.c 0x00000000   Number         0  port.o ABSOLUTE
    ..\FreeRTOS\Source\croutine.c            0x00000000   Number         0  croutine.o ABSOLUTE
    ..\FreeRTOS\Source\event_groups.c        0x00000000   Number         0  event_groups.o ABSOLUTE
    ..\FreeRTOS\Source\list.c                0x00000000   Number         0  list.o ABSOLUTE
    ..\FreeRTOS\Source\queue.c               0x00000000   Number         0  queue.o ABSOLUTE
    ..\FreeRTOS\Source\stream_buffer.c       0x00000000   Number         0  stream_buffer.o ABSOLUTE
    ..\FreeRTOS\Source\tasks.c               0x00000000   Number         0  tasks.o ABSOLUTE
    ..\FreeRTOS\Source\timers.c              0x00000000   Number         0  timers.o ABSOLUTE
    ..\\Core\\Src\\air.c                     0x00000000   Number         0  air.o ABSOLUTE
    ..\\Core\\Src\\dht11.c                   0x00000000   Number         0  dht11.o ABSOLUTE
    ..\\Core\\Src\\freertos_task.c           0x00000000   Number         0  freertos_task.o ABSOLUTE
    ..\\FreeRTOS\\Portable\\RVDS\\ARM_CM3\\port.c 0x00000000   Number         0  port.o ABSOLUTE
    cdrcmple.s                               0x00000000   Number         0  cdrcmple.o ABSOLUTE
    dc.s                                     0x00000000   Number         0  dc.o ABSOLUTE
    handlers.s                               0x00000000   Number         0  handlers.o ABSOLUTE
    init.s                                   0x00000000   Number         0  init.o ABSOLUTE
    startup_stm32f103xb.s                    0x00000000   Number         0  startup_stm32f103xb.o ABSOLUTE
    RESET                                    0x08000000   Section      236  startup_stm32f103xb.o(RESET)
    .ARM.Collect$$$$00000000                 0x080000ec   Section        0  entry.o(.ARM.Collect$$$$00000000)
    .ARM.Collect$$$$00000001                 0x080000ec   Section        4  entry2.o(.ARM.Collect$$$$00000001)
    .ARM.Collect$$$$00000004                 0x080000f0   Section        4  entry5.o(.ARM.Collect$$$$00000004)
    .ARM.Collect$$$$00000008                 0x080000f4   Section        0  entry7b.o(.ARM.Collect$$$$00000008)
    .ARM.Collect$$$$0000000A                 0x080000f4   Section        0  entry8b.o(.ARM.Collect$$$$0000000A)
    .ARM.Collect$$$$0000000B                 0x080000f4   Section        8  entry9a.o(.ARM.Collect$$$$0000000B)
    .ARM.Collect$$$$0000000D                 0x080000fc   Section        0  entry10a.o(.ARM.Collect$$$$0000000D)
    .ARM.Collect$$$$0000000F                 0x080000fc   Section        0  entry11a.o(.ARM.Collect$$$$0000000F)
    .ARM.Collect$$$$00002712                 0x080000fc   Section        4  entry2.o(.ARM.Collect$$$$00002712)
    __lit__00000000                          0x080000fc   Data           4  entry2.o(.ARM.Collect$$$$00002712)
    .emb_text                                0x08000100   Section      150  port.o(.emb_text)
    .text                                    0x08000198   Section       36  startup_stm32f103xb.o(.text)
    .text                                    0x080001bc   Section        0  llushr.o(.text)
    .text                                    0x080001dc   Section        0  memseta.o(.text)
    .text                                    0x08000200   Section        0  strlen.o(.text)
    .text                                    0x08000210   Section        0  __0sscanf.o(.text)
    .text                                    0x08000248   Section        0  _scanf_int.o(.text)
    .text                                    0x08000394   Section        0  fadd.o(.text)
    .text                                    0x08000444   Section        0  fmul.o(.text)
    .text                                    0x080004a8   Section        0  fdiv.o(.text)
    .text                                    0x08000524   Section        0  ffltui.o(.text)
    .text                                    0x0800052e   Section        0  ffixui.o(.text)
    .text                                    0x08000556   Section        0  f2d.o(.text)
    .text                                    0x0800057c   Section        0  uidiv.o(.text)
    .text                                    0x080005a8   Section        0  uldiv.o(.text)
    .text                                    0x0800060a   Section        0  _chval.o(.text)
    .text                                    0x08000628   Section        0  scanf_char.o(.text)
    _scanf_char_input                        0x08000629   Thumb Code    12  scanf_char.o(.text)
    .text                                    0x08000650   Section        0  _sgetc.o(.text)
    .text                                    0x08000690   Section        0  iusefp.o(.text)
    .text                                    0x08000690   Section        0  fepilogue.o(.text)
    .text                                    0x080006fe   Section        0  dadd.o(.text)
    .text                                    0x0800084c   Section        0  dmul.o(.text)
    .text                                    0x08000930   Section        0  ddiv.o(.text)
    .text                                    0x08000a0e   Section        0  dfixul.o(.text)
    .text                                    0x08000a40   Section       48  cdrcmple.o(.text)
    .text                                    0x08000a70   Section       36  init.o(.text)
    .text                                    0x08000a94   Section        0  llshl.o(.text)
    .text                                    0x08000ab2   Section        0  llsshr.o(.text)
    .text                                    0x08000ad6   Section        0  isspace_c.o(.text)
    .text                                    0x08000ae0   Section        0  _scanf.o(.text)
    .text                                    0x08000e0c   Section        0  depilogue.o(.text)
    .text                                    0x08000ec8   Section        0  ctype_c.o(.text)
    i.ADC_ConversionStop_Disable             0x08000ef0   Section        0  stm32f1xx_hal_adc.o(i.ADC_ConversionStop_Disable)
    i.ADC_DMAConvCplt                        0x08000f46   Section        0  stm32f1xx_hal_adc.o(i.ADC_DMAConvCplt)
    i.ADC_DMAError                           0x08000f94   Section        0  stm32f1xx_hal_adc.o(i.ADC_DMAError)
    i.ADC_DMAHalfConvCplt                    0x08000fae   Section        0  stm32f1xx_hal_adc.o(i.ADC_DMAHalfConvCplt)
    i.ADC_Enable                             0x08000fb8   Section        0  stm32f1xx_hal_adc.o(i.ADC_Enable)
    i.Air_off                                0x08001034   Section        0  air.o(i.Air_off)
    i.Air_on                                 0x08001044   Section        0  air.o(i.Air_on)
    i.BusFault_Handler                       0x08001054   Section        0  stm32f1xx_it.o(i.BusFault_Handler)
    i.DHT11_PP_OUT                           0x08001058   Section        0  dht11.o(i.DHT11_PP_OUT)
    DHT11_PP_OUT                             0x08001059   Thumb Code    26  dht11.o(i.DHT11_PP_OUT)
    i.DHT11_ReadByte                         0x08001078   Section        0  dht11.o(i.DHT11_ReadByte)
    i.DHT11_ReadData                         0x080010e0   Section        0  dht11.o(i.DHT11_ReadData)
    i.DMA_SetConfig                          0x08001190   Section        0  stm32f1xx_hal_dma.o(i.DMA_SetConfig)
    DMA_SetConfig                            0x08001191   Thumb Code    42  stm32f1xx_hal_dma.o(i.DMA_SetConfig)
    i.DebugMon_Handler                       0x080011ba   Section        0  stm32f1xx_it.o(i.DebugMon_Handler)
    i.EXTI15_10_IRQHandler                   0x080011bc   Section        0  stm32f1xx_it.o(i.EXTI15_10_IRQHandler)
    i.EXTI1_IRQHandler                       0x080011c4   Section        0  stm32f1xx_it.o(i.EXTI1_IRQHandler)
    i.Error_Handler                          0x080011ca   Section        0  main.o(i.Error_Handler)
    i.FreeRtos_Start                         0x080011d0   Section        0  freertos_task.o(i.FreeRtos_Start)
    i.HAL_ADCEx_Calibration_Start            0x08001204   Section        0  stm32f1xx_hal_adc_ex.o(i.HAL_ADCEx_Calibration_Start)
    i.HAL_ADC_ConfigChannel                  0x080012dc   Section        0  stm32f1xx_hal_adc.o(i.HAL_ADC_ConfigChannel)
    i.HAL_ADC_ConvCpltCallback               0x080013d8   Section        0  stm32f1xx_hal_adc.o(i.HAL_ADC_ConvCpltCallback)
    i.HAL_ADC_ConvHalfCpltCallback           0x080013da   Section        0  stm32f1xx_hal_adc.o(i.HAL_ADC_ConvHalfCpltCallback)
    i.HAL_ADC_ErrorCallback                  0x080013dc   Section        0  stm32f1xx_hal_adc.o(i.HAL_ADC_ErrorCallback)
    i.HAL_ADC_Init                           0x080013e0   Section        0  stm32f1xx_hal_adc.o(i.HAL_ADC_Init)
    i.HAL_ADC_MspInit                        0x080014fc   Section        0  adc.o(i.HAL_ADC_MspInit)
    i.HAL_ADC_Start_DMA                      0x0800158c   Section        0  stm32f1xx_hal_adc.o(i.HAL_ADC_Start_DMA)
    i.HAL_DMA_Init                           0x08001698   Section        0  stm32f1xx_hal_dma.o(i.HAL_DMA_Init)
    i.HAL_DMA_Start_IT                       0x080016f4   Section        0  stm32f1xx_hal_dma.o(i.HAL_DMA_Start_IT)
    i.HAL_Delay                              0x08001764   Section        0  stm32f1xx_hal.o(i.HAL_Delay)
    i.HAL_GPIO_EXTI_Callback                 0x08001788   Section        0  stm32f1xx_it.o(i.HAL_GPIO_EXTI_Callback)
    i.HAL_GPIO_EXTI_IRQHandler               0x080017ec   Section        0  stm32f1xx_hal_gpio.o(i.HAL_GPIO_EXTI_IRQHandler)
    i.HAL_GPIO_Init                          0x08001804   Section        0  stm32f1xx_hal_gpio.o(i.HAL_GPIO_Init)
    i.HAL_GPIO_ReadPin                       0x080019e4   Section        0  stm32f1xx_hal_gpio.o(i.HAL_GPIO_ReadPin)
    i.HAL_GPIO_WritePin                      0x080019ee   Section        0  stm32f1xx_hal_gpio.o(i.HAL_GPIO_WritePin)
    i.HAL_GetTick                            0x080019f8   Section        0  stm32f1xx_hal.o(i.HAL_GetTick)
    i.HAL_IncTick                            0x08001a04   Section        0  stm32f1xx_hal.o(i.HAL_IncTick)
    i.HAL_Init                               0x08001a14   Section        0  stm32f1xx_hal.o(i.HAL_Init)
    i.HAL_InitTick                           0x08001a38   Section        0  stm32f1xx_hal_timebase_tim.o(i.HAL_InitTick)
    i.HAL_MspInit                            0x08001ad0   Section        0  stm32f1xx_hal_msp.o(i.HAL_MspInit)
    i.HAL_NVIC_EnableIRQ                     0x08001b0c   Section        0  stm32f1xx_hal_cortex.o(i.HAL_NVIC_EnableIRQ)
    i.HAL_NVIC_SetPriority                   0x08001b28   Section        0  stm32f1xx_hal_cortex.o(i.HAL_NVIC_SetPriority)
    i.HAL_NVIC_SetPriorityGrouping           0x08001b68   Section        0  stm32f1xx_hal_cortex.o(i.HAL_NVIC_SetPriorityGrouping)
    i.HAL_RCCEx_GetPeriphCLKFreq             0x08001b8c   Section        0  stm32f1xx_hal_rcc_ex.o(i.HAL_RCCEx_GetPeriphCLKFreq)
    i.HAL_RCCEx_PeriphCLKConfig              0x08001c30   Section        0  stm32f1xx_hal_rcc_ex.o(i.HAL_RCCEx_PeriphCLKConfig)
    i.HAL_RCC_ClockConfig                    0x08001d1c   Section        0  stm32f1xx_hal_rcc.o(i.HAL_RCC_ClockConfig)
    i.HAL_RCC_GetClockConfig                 0x08001e48   Section        0  stm32f1xx_hal_rcc.o(i.HAL_RCC_GetClockConfig)
    i.HAL_RCC_GetPCLK1Freq                   0x08001e88   Section        0  stm32f1xx_hal_rcc.o(i.HAL_RCC_GetPCLK1Freq)
    i.HAL_RCC_GetPCLK2Freq                   0x08001ea8   Section        0  stm32f1xx_hal_rcc.o(i.HAL_RCC_GetPCLK2Freq)
    i.HAL_RCC_GetSysClockFreq                0x08001ec8   Section        0  stm32f1xx_hal_rcc.o(i.HAL_RCC_GetSysClockFreq)
    i.HAL_RCC_OscConfig                      0x08001f14   Section        0  stm32f1xx_hal_rcc.o(i.HAL_RCC_OscConfig)
    i.HAL_TIMEx_BreakCallback                0x08002234   Section        0  stm32f1xx_hal_tim_ex.o(i.HAL_TIMEx_BreakCallback)
    i.HAL_TIMEx_CommutCallback               0x08002236   Section        0  stm32f1xx_hal_tim_ex.o(i.HAL_TIMEx_CommutCallback)
    i.HAL_TIMEx_MasterConfigSynchronization  0x08002238   Section        0  stm32f1xx_hal_tim_ex.o(i.HAL_TIMEx_MasterConfigSynchronization)
    i.HAL_TIM_Base_Init                      0x080022a0   Section        0  stm32f1xx_hal_tim.o(i.HAL_TIM_Base_Init)
    i.HAL_TIM_Base_MspInit                   0x080022fc   Section        0  tim.o(i.HAL_TIM_Base_MspInit)
    i.HAL_TIM_Base_Start_IT                  0x0800233c   Section        0  stm32f1xx_hal_tim.o(i.HAL_TIM_Base_Start_IT)
    i.HAL_TIM_ConfigClockSource              0x08002394   Section        0  stm32f1xx_hal_tim.o(i.HAL_TIM_ConfigClockSource)
    i.HAL_TIM_IC_CaptureCallback             0x08002470   Section        0  stm32f1xx_hal_tim.o(i.HAL_TIM_IC_CaptureCallback)
    i.HAL_TIM_IRQHandler                     0x08002472   Section        0  stm32f1xx_hal_tim.o(i.HAL_TIM_IRQHandler)
    i.HAL_TIM_MspPostInit                    0x080025a4   Section        0  tim.o(i.HAL_TIM_MspPostInit)
    i.HAL_TIM_OC_DelayElapsedCallback        0x080025f0   Section        0  stm32f1xx_hal_tim.o(i.HAL_TIM_OC_DelayElapsedCallback)
    i.HAL_TIM_PWM_ConfigChannel              0x080025f2   Section        0  stm32f1xx_hal_tim.o(i.HAL_TIM_PWM_ConfigChannel)
    i.HAL_TIM_PWM_Init                       0x080026be   Section        0  stm32f1xx_hal_tim.o(i.HAL_TIM_PWM_Init)
    i.HAL_TIM_PWM_MspInit                    0x08002718   Section        0  stm32f1xx_hal_tim.o(i.HAL_TIM_PWM_MspInit)
    i.HAL_TIM_PWM_PulseFinishedCallback      0x0800271a   Section        0  stm32f1xx_hal_tim.o(i.HAL_TIM_PWM_PulseFinishedCallback)
    i.HAL_TIM_PWM_Start                      0x0800271c   Section        0  stm32f1xx_hal_tim.o(i.HAL_TIM_PWM_Start)
    i.HAL_TIM_PeriodElapsedCallback          0x080027b8   Section        0  main.o(i.HAL_TIM_PeriodElapsedCallback)
    i.HAL_TIM_TriggerCallback                0x080027cc   Section        0  stm32f1xx_hal_tim.o(i.HAL_TIM_TriggerCallback)
    i.HAL_UART_Init                          0x080027ce   Section        0  stm32f1xx_hal_uart.o(i.HAL_UART_Init)
    i.HAL_UART_MspInit                       0x08002834   Section        0  usart.o(i.HAL_UART_MspInit)
    i.HAL_UART_Receive                       0x080028f0   Section        0  stm32f1xx_hal_uart.o(i.HAL_UART_Receive)
    i.HAL_UART_Transmit                      0x080029a0   Section        0  stm32f1xx_hal_uart.o(i.HAL_UART_Transmit)
    i.HardFault_Handler                      0x08002a40   Section        0  stm32f1xx_it.o(i.HardFault_Handler)
    i.MX_ADC1_Init                           0x08002a44   Section        0  adc.o(i.MX_ADC1_Init)
    i.MX_DMA_Init                            0x08002abc   Section        0  dma.o(i.MX_DMA_Init)
    i.MX_GPIO_Init                           0x08002ad8   Section        0  gpio.o(i.MX_GPIO_Init)
    i.MX_TIM1_Init                           0x08002bf4   Section        0  tim.o(i.MX_TIM1_Init)
    i.MX_TIM3_Init                           0x08002c58   Section        0  tim.o(i.MX_TIM3_Init)
    i.MX_USART1_UART_Init                    0x08002cf0   Section        0  usart.o(i.MX_USART1_UART_Init)
    i.MX_USART3_UART_Init                    0x08002d28   Section        0  usart.o(i.MX_USART3_UART_Init)
    i.MemManage_Handler                      0x08002d60   Section        0  stm32f1xx_it.o(i.MemManage_Handler)
    i.NMI_Handler                            0x08002d62   Section        0  stm32f1xx_it.o(i.NMI_Handler)
    i.Servo_SetAngle                         0x08002d64   Section        0  tim.o(i.Servo_SetAngle)
    i.SysTick_Handler                        0x08002d98   Section        0  stm32f1xx_it.o(i.SysTick_Handler)
    i.SystemClock_Config                     0x08002dac   Section        0  main.o(i.SystemClock_Config)
    i.SystemInit                             0x08002e24   Section        0  system_stm32f1xx.o(i.SystemInit)
    i.TIM4_IRQHandler                        0x08002e28   Section        0  stm32f1xx_it.o(i.TIM4_IRQHandler)
    i.TIM_Base_SetConfig                     0x08002e34   Section        0  stm32f1xx_hal_tim.o(i.TIM_Base_SetConfig)
    i.TIM_CCxChannelCmd                      0x08002eac   Section        0  stm32f1xx_hal_tim.o(i.TIM_CCxChannelCmd)
    i.TIM_ETR_SetConfig                      0x08002ec6   Section        0  stm32f1xx_hal_tim.o(i.TIM_ETR_SetConfig)
    i.TIM_ITRx_SetConfig                     0x08002eda   Section        0  stm32f1xx_hal_tim.o(i.TIM_ITRx_SetConfig)
    TIM_ITRx_SetConfig                       0x08002edb   Thumb Code    16  stm32f1xx_hal_tim.o(i.TIM_ITRx_SetConfig)
    i.TIM_OC1_SetConfig                      0x08002eec   Section        0  stm32f1xx_hal_tim.o(i.TIM_OC1_SetConfig)
    TIM_OC1_SetConfig                        0x08002eed   Thumb Code    74  stm32f1xx_hal_tim.o(i.TIM_OC1_SetConfig)
    i.TIM_OC2_SetConfig                      0x08002f3c   Section        0  stm32f1xx_hal_tim.o(i.TIM_OC2_SetConfig)
    i.TIM_OC3_SetConfig                      0x08002f94   Section        0  stm32f1xx_hal_tim.o(i.TIM_OC3_SetConfig)
    TIM_OC3_SetConfig                        0x08002f95   Thumb Code    82  stm32f1xx_hal_tim.o(i.TIM_OC3_SetConfig)
    i.TIM_OC4_SetConfig                      0x08002fec   Section        0  stm32f1xx_hal_tim.o(i.TIM_OC4_SetConfig)
    TIM_OC4_SetConfig                        0x08002fed   Thumb Code    64  stm32f1xx_hal_tim.o(i.TIM_OC4_SetConfig)
    i.TIM_TI1_ConfigInputStage               0x08003030   Section        0  stm32f1xx_hal_tim.o(i.TIM_TI1_ConfigInputStage)
    TIM_TI1_ConfigInputStage                 0x08003031   Thumb Code    34  stm32f1xx_hal_tim.o(i.TIM_TI1_ConfigInputStage)
    i.TIM_TI2_ConfigInputStage               0x08003052   Section        0  stm32f1xx_hal_tim.o(i.TIM_TI2_ConfigInputStage)
    TIM_TI2_ConfigInputStage                 0x08003053   Thumb Code    36  stm32f1xx_hal_tim.o(i.TIM_TI2_ConfigInputStage)
    i.UART_EndRxTransfer                     0x08003076   Section        0  stm32f1xx_hal_uart.o(i.UART_EndRxTransfer)
    UART_EndRxTransfer                       0x08003077   Thumb Code    78  stm32f1xx_hal_uart.o(i.UART_EndRxTransfer)
    i.UART_SetConfig                         0x080030c4   Section        0  stm32f1xx_hal_uart.o(i.UART_SetConfig)
    UART_SetConfig                           0x080030c5   Thumb Code   178  stm32f1xx_hal_uart.o(i.UART_SetConfig)
    i.UART_WaitOnFlagUntilTimeout            0x0800317c   Section        0  stm32f1xx_hal_uart.o(i.UART_WaitOnFlagUntilTimeout)
    UART_WaitOnFlagUntilTimeout              0x0800317d   Thumb Code   114  stm32f1xx_hal_uart.o(i.UART_WaitOnFlagUntilTimeout)
    i.UsageFault_Handler                     0x080031ee   Section        0  stm32f1xx_it.o(i.UsageFault_Handler)
    i.__0printf                              0x080031f0   Section        0  printfa.o(i.__0printf)
    i.__0sprintf                             0x08003210   Section        0  printfa.o(i.__0sprintf)
    i.__NVIC_SetPriority                     0x08003238   Section        0  stm32f1xx_hal_cortex.o(i.__NVIC_SetPriority)
    __NVIC_SetPriority                       0x08003239   Thumb Code    32  stm32f1xx_hal_cortex.o(i.__NVIC_SetPriority)
    i.__scatterload_copy                     0x08003258   Section       14  handlers.o(i.__scatterload_copy)
    i.__scatterload_null                     0x08003266   Section        2  handlers.o(i.__scatterload_null)
    i.__scatterload_zeroinit                 0x08003268   Section       14  handlers.o(i.__scatterload_zeroinit)
    i._fp_digits                             0x08003278   Section        0  printfa.o(i._fp_digits)
    _fp_digits                               0x08003279   Thumb Code   366  printfa.o(i._fp_digits)
    i._printf_core                           0x080033fc   Section        0  printfa.o(i._printf_core)
    _printf_core                             0x080033fd   Thumb Code  1744  printfa.o(i._printf_core)
    i._printf_post_padding                   0x08003ad8   Section        0  printfa.o(i._printf_post_padding)
    _printf_post_padding                     0x08003ad9   Thumb Code    36  printfa.o(i._printf_post_padding)
    i._printf_pre_padding                    0x08003afc   Section        0  printfa.o(i._printf_pre_padding)
    _printf_pre_padding                      0x08003afd   Thumb Code    46  printfa.o(i._printf_pre_padding)
    i._sputc                                 0x08003b2a   Section        0  printfa.o(i._sputc)
    _sputc                                   0x08003b2b   Thumb Code    10  printfa.o(i._sputc)
    i.fputc                                  0x08003b34   Section        0  usart.o(i.fputc)
    i.m_delay_us                             0x08003b50   Section        0  main.o(i.m_delay_us)
    i.main                                   0x08003b9c   Section        0  main.o(i.main)
    i.prvAddCurrentTaskToDelayedList         0x08003be4   Section        0  tasks.o(i.prvAddCurrentTaskToDelayedList)
    prvAddCurrentTaskToDelayedList           0x08003be5   Thumb Code   128  tasks.o(i.prvAddCurrentTaskToDelayedList)
    i.prvAddNewTaskToReadyList               0x08003c6c   Section        0  tasks.o(i.prvAddNewTaskToReadyList)
    prvAddNewTaskToReadyList                 0x08003c6d   Thumb Code   226  tasks.o(i.prvAddNewTaskToReadyList)
    i.prvDeleteTCB                           0x08003d5c   Section        0  tasks.o(i.prvDeleteTCB)
    prvDeleteTCB                             0x08003d5d   Thumb Code    20  tasks.o(i.prvDeleteTCB)
    i.prvHeapInit                            0x08003d70   Section        0  heap_4.o(i.prvHeapInit)
    prvHeapInit                              0x08003d71   Thumb Code    60  heap_4.o(i.prvHeapInit)
    i.prvIdleTask                            0x08003db4   Section        0  tasks.o(i.prvIdleTask)
    prvIdleTask                              0x08003db5   Thumb Code    82  tasks.o(i.prvIdleTask)
    i.prvInitialiseNewTask                   0x08003e14   Section        0  tasks.o(i.prvInitialiseNewTask)
    prvInitialiseNewTask                     0x08003e15   Thumb Code   112  tasks.o(i.prvInitialiseNewTask)
    i.prvInsertBlockIntoFreeList             0x08003e84   Section        0  heap_4.o(i.prvInsertBlockIntoFreeList)
    prvInsertBlockIntoFreeList               0x08003e85   Thumb Code    72  heap_4.o(i.prvInsertBlockIntoFreeList)
    i.prvResetNextTaskUnblockTime            0x08003ed0   Section        0  tasks.o(i.prvResetNextTaskUnblockTime)
    prvResetNextTaskUnblockTime              0x08003ed1   Thumb Code    24  tasks.o(i.prvResetNextTaskUnblockTime)
    i.prvTaskExitError                       0x08003eec   Section        0  port.o(i.prvTaskExitError)
    prvTaskExitError                         0x08003eed   Thumb Code    16  port.o(i.prvTaskExitError)
    i.pvPortMalloc                           0x08003efc   Section        0  heap_4.o(i.pvPortMalloc)
    i.pxPortInitialiseStack                  0x08003f94   Section        0  port.o(i.pxPortInitialiseStack)
    i.start_task                             0x08003fb8   Section        0  freertos_task.o(i.start_task)
    i.task1                                  0x08004030   Section        0  freertos_task.o(i.task1)
    i.task2                                  0x080041a4   Section        0  freertos_task.o(i.task2)
    i.task3                                  0x080042bc   Section        0  freertos_task.o(i.task3)
    i.uxListRemove                           0x080043d4   Section        0  list.o(i.uxListRemove)
    i.vListInitialise                        0x080043fa   Section        0  list.o(i.vListInitialise)
    i.vListInitialiseItem                    0x08004410   Section        0  list.o(i.vListInitialiseItem)
    i.vListInsert                            0x08004416   Section        0  list.o(i.vListInsert)
    i.vListInsertEnd                         0x08004446   Section        0  list.o(i.vListInsertEnd)
    i.vPortEnterCritical                     0x08004460   Section        0  port.o(i.vPortEnterCritical)
    i.vPortExitCritical                      0x0800447c   Section        0  port.o(i.vPortExitCritical)
    i.vPortFree                              0x08004490   Section        0  heap_4.o(i.vPortFree)
    i.vPortSetupTimerInterrupt               0x080044d4   Section        0  port.o(i.vPortSetupTimerInterrupt)
    i.vTaskDelay                             0x080044ec   Section        0  tasks.o(i.vTaskDelay)
    i.vTaskDelete                            0x0800451c   Section        0  tasks.o(i.vTaskDelete)
    i.vTaskStartScheduler                    0x080045b8   Section        0  tasks.o(i.vTaskStartScheduler)
    i.vTaskSuspendAll                        0x08004608   Section        0  tasks.o(i.vTaskSuspendAll)
    i.vTaskSwitchContext                     0x08004618   Section        0  tasks.o(i.vTaskSwitchContext)
    i.xPortStartScheduler                    0x0800465c   Section        0  port.o(i.xPortStartScheduler)
    i.xPortSysTickHandler                    0x0800468c   Section        0  port.o(i.xPortSysTickHandler)
    i.xTaskCreate                            0x080046b8   Section        0  tasks.o(i.xTaskCreate)
    i.xTaskGetSchedulerState                 0x08004714   Section        0  tasks.o(i.xTaskGetSchedulerState)
    i.xTaskIncrementTick                     0x08004730   Section        0  tasks.o(i.xTaskIncrementTick)
    i.xTaskResumeAll                         0x08004854   Section        0  tasks.o(i.xTaskResumeAll)
    .constdata                               0x0800496c   Section       18  stm32f1xx_hal_rcc.o(.constdata)
    aPredivFactorTable                       0x0800496c   Data           2  stm32f1xx_hal_rcc.o(.constdata)
    aPLLMULFactorTable                       0x0800496e   Data          16  stm32f1xx_hal_rcc.o(.constdata)
    .constdata                               0x0800497e   Section       18  stm32f1xx_hal_rcc_ex.o(.constdata)
    aPredivFactorTable                       0x0800497e   Data           2  stm32f1xx_hal_rcc_ex.o(.constdata)
    aPLLMULFactorTable                       0x08004980   Data          16  stm32f1xx_hal_rcc_ex.o(.constdata)
    .constdata                               0x08004990   Section       16  system_stm32f1xx.o(.constdata)
    .constdata                               0x080049a0   Section        8  system_stm32f1xx.o(.constdata)
    .constdata                               0x080049a8   Section       64  ctype_c.o(.constdata)
    .conststring                             0x080049e8   Section      146  freertos_task.o(.conststring)
    .data                                    0x20000000   Section       20  freertos_task.o(.data)
    .data                                    0x20000014   Section       12  stm32f1xx_hal.o(.data)
    .data                                    0x20000020   Section        4  system_stm32f1xx.o(.data)
    .data                                    0x20000024   Section       64  tasks.o(.data)
    uxDeletedTasksWaitingCleanUp             0x20000028   Data           4  tasks.o(.data)
    uxCurrentNumberOfTasks                   0x2000002c   Data           4  tasks.o(.data)
    xTickCount                               0x20000030   Data           4  tasks.o(.data)
    uxTopReadyPriority                       0x20000034   Data           4  tasks.o(.data)
    xSchedulerRunning                        0x20000038   Data           4  tasks.o(.data)
    xPendedTicks                             0x2000003c   Data           4  tasks.o(.data)
    xYieldPending                            0x20000040   Data           4  tasks.o(.data)
    xNumOfOverflows                          0x20000044   Data           4  tasks.o(.data)
    uxTaskNumber                             0x20000048   Data           4  tasks.o(.data)
    xNextTaskUnblockTime                     0x2000004c   Data           4  tasks.o(.data)
    xIdleTaskHandle                          0x20000050   Data           4  tasks.o(.data)
    uxSchedulerSuspended                     0x20000058   Data           4  tasks.o(.data)
    pxDelayedTaskList                        0x2000005c   Data           4  tasks.o(.data)
    pxOverflowDelayedTaskList                0x20000060   Data           4  tasks.o(.data)
    .data                                    0x20000064   Section        4  port.o(.data)
    uxCriticalNesting                        0x20000064   Data           4  port.o(.data)
    .data                                    0x20000068   Section       28  heap_4.o(.data)
    pxEnd                                    0x20000068   Data           4  heap_4.o(.data)
    xFreeBytesRemaining                      0x2000006c   Data           4  heap_4.o(.data)
    xMinimumEverFreeBytesRemaining           0x20000070   Data           4  heap_4.o(.data)
    xNumberOfSuccessfulAllocations           0x20000074   Data           4  heap_4.o(.data)
    xNumberOfSuccessfulFrees                 0x20000078   Data           4  heap_4.o(.data)
    xStart                                   0x2000007c   Data           8  heap_4.o(.data)
    .data                                    0x20000084   Section        4  stdout.o(.data)
    .bss                                     0x20000088   Section      116  adc.o(.bss)
    .bss                                     0x200000fc   Section      144  tim.o(.bss)
    .bss                                     0x2000018c   Section      144  usart.o(.bss)
    .bss                                     0x2000021c   Section       72  stm32f1xx_hal_timebase_tim.o(.bss)
    .bss                                     0x20000264   Section      200  tasks.o(.bss)
    pxReadyTasksLists                        0x20000264   Data         100  tasks.o(.bss)
    xDelayedTaskList1                        0x200002c8   Data          20  tasks.o(.bss)
    xDelayedTaskList2                        0x200002dc   Data          20  tasks.o(.bss)
    xPendingReadyList                        0x200002f0   Data          20  tasks.o(.bss)
    xTasksWaitingTermination                 0x20000304   Data          20  tasks.o(.bss)
    xSuspendedTaskList                       0x20000318   Data          20  tasks.o(.bss)
    .bss                                     0x2000032c   Section    17408  heap_4.o(.bss)
    ucHeap                                   0x2000032c   Data       17408  heap_4.o(.bss)
    STACK                                    0x20004730   Section     1024  startup_stm32f103xb.o(STACK)

    Global Symbols

    Symbol Name                              Value     Ov Type        Size  Object(Section)

    BuildAttributes$$THM_ISAv4$P$D$K$B$S$PE$A:L22UL41UL21$X:L11$S22US41US21$IEEE1$IW$USESV6$~STKCKD$USESV7$~SHL$OTIME$ROPI$EBA8$MICROLIB$REQ8$PRES8$EABIv2 0x00000000   Number         0  anon$$obj.o ABSOLUTE
    __ARM_use_no_argv                        0x00000000   Number         0  main.o ABSOLUTE
    _printf_a                                0x00000000   Number         0  stubs.o ABSOLUTE
    _printf_c                                0x00000000   Number         0  stubs.o ABSOLUTE
    _printf_charcount                        0x00000000   Number         0  stubs.o ABSOLUTE
    _printf_d                                0x00000000   Number         0  stubs.o ABSOLUTE
    _printf_e                                0x00000000   Number         0  stubs.o ABSOLUTE
    _printf_f                                0x00000000   Number         0  stubs.o ABSOLUTE
    _printf_flags                            0x00000000   Number         0  stubs.o ABSOLUTE
    _printf_fp_dec                           0x00000000   Number         0  stubs.o ABSOLUTE
    _printf_fp_hex                           0x00000000   Number         0  stubs.o ABSOLUTE
    _printf_g                                0x00000000   Number         0  stubs.o ABSOLUTE
    _printf_i                                0x00000000   Number         0  stubs.o ABSOLUTE
    _printf_int_dec                          0x00000000   Number         0  stubs.o ABSOLUTE
    _printf_l                                0x00000000   Number         0  stubs.o ABSOLUTE
    _printf_lc                               0x00000000   Number         0  stubs.o ABSOLUTE
    _printf_ll                               0x00000000   Number         0  stubs.o ABSOLUTE
    _printf_lld                              0x00000000   Number         0  stubs.o ABSOLUTE
    _printf_lli                              0x00000000   Number         0  stubs.o ABSOLUTE
    _printf_llo                              0x00000000   Number         0  stubs.o ABSOLUTE
    _printf_llu                              0x00000000   Number         0  stubs.o ABSOLUTE
    _printf_llx                              0x00000000   Number         0  stubs.o ABSOLUTE
    _printf_longlong_dec                     0x00000000   Number         0  stubs.o ABSOLUTE
    _printf_longlong_hex                     0x00000000   Number         0  stubs.o ABSOLUTE
    _printf_longlong_oct                     0x00000000   Number         0  stubs.o ABSOLUTE
    _printf_ls                               0x00000000   Number         0  stubs.o ABSOLUTE
    _printf_mbtowc                           0x00000000   Number         0  stubs.o ABSOLUTE
    _printf_n                                0x00000000   Number         0  stubs.o ABSOLUTE
    _printf_o                                0x00000000   Number         0  stubs.o ABSOLUTE
    _printf_p                                0x00000000   Number         0  stubs.o ABSOLUTE
    _printf_percent                          0x00000000   Number         0  stubs.o ABSOLUTE
    _printf_pre_padding                      0x00000000   Number         0  stubs.o ABSOLUTE
    _printf_return_value                     0x00000000   Number         0  stubs.o ABSOLUTE
    _printf_s                                0x00000000   Number         0  stubs.o ABSOLUTE
    _printf_sizespec                         0x00000000   Number         0  stubs.o ABSOLUTE
    _printf_str                              0x00000000   Number         0  stubs.o ABSOLUTE
    _printf_truncate_signed                  0x00000000   Number         0  stubs.o ABSOLUTE
    _printf_truncate_unsigned                0x00000000   Number         0  stubs.o ABSOLUTE
    _printf_u                                0x00000000   Number         0  stubs.o ABSOLUTE
    _printf_wc                               0x00000000   Number         0  stubs.o ABSOLUTE
    _printf_wctomb                           0x00000000   Number         0  stubs.o ABSOLUTE
    _printf_widthprec                        0x00000000   Number         0  stubs.o ABSOLUTE
    _printf_x                                0x00000000   Number         0  stubs.o ABSOLUTE
    __cpp_initialize__aeabi_                  - Undefined Weak Reference
    __cxa_finalize                            - Undefined Weak Reference
    __decompress                              - Undefined Weak Reference
    _clock_init                               - Undefined Weak Reference
    _microlib_exit                            - Undefined Weak Reference
    _scanf_longlong                           - Undefined Weak Reference
    _scanf_real                               - Undefined Weak Reference
    _scanf_string                             - Undefined Weak Reference
    __Vectors_Size                           0x000000ec   Number         0  startup_stm32f103xb.o ABSOLUTE
    __Vectors                                0x08000000   Data           4  startup_stm32f103xb.o(RESET)
    __Vectors_End                            0x080000ec   Data           0  startup_stm32f103xb.o(RESET)
    __main                                   0x080000ed   Thumb Code     0  entry.o(.ARM.Collect$$$$00000000)
    _main_stk                                0x080000ed   Thumb Code     0  entry2.o(.ARM.Collect$$$$00000001)
    _main_scatterload                        0x080000f1   Thumb Code     0  entry5.o(.ARM.Collect$$$$00000004)
    __main_after_scatterload                 0x080000f5   Thumb Code     0  entry5.o(.ARM.Collect$$$$00000004)
    _main_clock                              0x080000f5   Thumb Code     0  entry7b.o(.ARM.Collect$$$$00000008)
    _main_cpp_init                           0x080000f5   Thumb Code     0  entry8b.o(.ARM.Collect$$$$0000000A)
    _main_init                               0x080000f5   Thumb Code     0  entry9a.o(.ARM.Collect$$$$0000000B)
    __rt_final_cpp                           0x080000fd   Thumb Code     0  entry10a.o(.ARM.Collect$$$$0000000D)
    __rt_final_exit                          0x080000fd   Thumb Code     0  entry11a.o(.ARM.Collect$$$$0000000F)
    SVC_Handler                              0x08000101   Thumb Code    32  port.o(.emb_text)
    __asm___6_port_c_39a90d8d__prvStartFirstTask 0x08000125   Thumb Code    28  port.o(.emb_text)
    PendSV_Handler                           0x08000145   Thumb Code    72  port.o(.emb_text)
    vPortGetIPSR                             0x08000191   Thumb Code     6  port.o(.emb_text)
    Reset_Handler                            0x08000199   Thumb Code     8  startup_stm32f103xb.o(.text)
    ADC1_2_IRQHandler                        0x080001b3   Thumb Code     0  startup_stm32f103xb.o(.text)
    CAN1_RX1_IRQHandler                      0x080001b3   Thumb Code     0  startup_stm32f103xb.o(.text)
    CAN1_SCE_IRQHandler                      0x080001b3   Thumb Code     0  startup_stm32f103xb.o(.text)
    DMA1_Channel1_IRQHandler                 0x080001b3   Thumb Code     0  startup_stm32f103xb.o(.text)
    DMA1_Channel2_IRQHandler                 0x080001b3   Thumb Code     0  startup_stm32f103xb.o(.text)
    DMA1_Channel3_IRQHandler                 0x080001b3   Thumb Code     0  startup_stm32f103xb.o(.text)
    DMA1_Channel4_IRQHandler                 0x080001b3   Thumb Code     0  startup_stm32f103xb.o(.text)
    DMA1_Channel5_IRQHandler                 0x080001b3   Thumb Code     0  startup_stm32f103xb.o(.text)
    DMA1_Channel6_IRQHandler                 0x080001b3   Thumb Code     0  startup_stm32f103xb.o(.text)
    DMA1_Channel7_IRQHandler                 0x080001b3   Thumb Code     0  startup_stm32f103xb.o(.text)
    EXTI0_IRQHandler                         0x080001b3   Thumb Code     0  startup_stm32f103xb.o(.text)
    EXTI2_IRQHandler                         0x080001b3   Thumb Code     0  startup_stm32f103xb.o(.text)
    EXTI3_IRQHandler                         0x080001b3   Thumb Code     0  startup_stm32f103xb.o(.text)
    EXTI4_IRQHandler                         0x080001b3   Thumb Code     0  startup_stm32f103xb.o(.text)
    EXTI9_5_IRQHandler                       0x080001b3   Thumb Code     0  startup_stm32f103xb.o(.text)
    FLASH_IRQHandler                         0x080001b3   Thumb Code     0  startup_stm32f103xb.o(.text)
    I2C1_ER_IRQHandler                       0x080001b3   Thumb Code     0  startup_stm32f103xb.o(.text)
    I2C1_EV_IRQHandler                       0x080001b3   Thumb Code     0  startup_stm32f103xb.o(.text)
    I2C2_ER_IRQHandler                       0x080001b3   Thumb Code     0  startup_stm32f103xb.o(.text)
    I2C2_EV_IRQHandler                       0x080001b3   Thumb Code     0  startup_stm32f103xb.o(.text)
    PVD_IRQHandler                           0x080001b3   Thumb Code     0  startup_stm32f103xb.o(.text)
    RCC_IRQHandler                           0x080001b3   Thumb Code     0  startup_stm32f103xb.o(.text)
    RTC_Alarm_IRQHandler                     0x080001b3   Thumb Code     0  startup_stm32f103xb.o(.text)
    RTC_IRQHandler                           0x080001b3   Thumb Code     0  startup_stm32f103xb.o(.text)
    SPI1_IRQHandler                          0x080001b3   Thumb Code     0  startup_stm32f103xb.o(.text)
    SPI2_IRQHandler                          0x080001b3   Thumb Code     0  startup_stm32f103xb.o(.text)
    TAMPER_IRQHandler                        0x080001b3   Thumb Code     0  startup_stm32f103xb.o(.text)
    TIM1_BRK_IRQHandler                      0x080001b3   Thumb Code     0  startup_stm32f103xb.o(.text)
    TIM1_CC_IRQHandler                       0x080001b3   Thumb Code     0  startup_stm32f103xb.o(.text)
    TIM1_TRG_COM_IRQHandler                  0x080001b3   Thumb Code     0  startup_stm32f103xb.o(.text)
    TIM1_UP_IRQHandler                       0x080001b3   Thumb Code     0  startup_stm32f103xb.o(.text)
    TIM2_IRQHandler                          0x080001b3   Thumb Code     0  startup_stm32f103xb.o(.text)
    TIM3_IRQHandler                          0x080001b3   Thumb Code     0  startup_stm32f103xb.o(.text)
    USART1_IRQHandler                        0x080001b3   Thumb Code     0  startup_stm32f103xb.o(.text)
    USART2_IRQHandler                        0x080001b3   Thumb Code     0  startup_stm32f103xb.o(.text)
    USART3_IRQHandler                        0x080001b3   Thumb Code     0  startup_stm32f103xb.o(.text)
    USBWakeUp_IRQHandler                     0x080001b3   Thumb Code     0  startup_stm32f103xb.o(.text)
    USB_HP_CAN1_TX_IRQHandler                0x080001b3   Thumb Code     0  startup_stm32f103xb.o(.text)
    USB_LP_CAN1_RX0_IRQHandler               0x080001b3   Thumb Code     0  startup_stm32f103xb.o(.text)
    WWDG_IRQHandler                          0x080001b3   Thumb Code     0  startup_stm32f103xb.o(.text)
    __aeabi_llsr                             0x080001bd   Thumb Code    32  llushr.o(.text)
    _ll_ushift_r                             0x080001bd   Thumb Code     0  llushr.o(.text)
    __aeabi_memset                           0x080001dd   Thumb Code    14  memseta.o(.text)
    __aeabi_memset4                          0x080001dd   Thumb Code     0  memseta.o(.text)
    __aeabi_memset8                          0x080001dd   Thumb Code     0  memseta.o(.text)
    __aeabi_memclr                           0x080001eb   Thumb Code     4  memseta.o(.text)
    __aeabi_memclr4                          0x080001eb   Thumb Code     0  memseta.o(.text)
    __aeabi_memclr8                          0x080001eb   Thumb Code     0  memseta.o(.text)
    _memset$wrapper                          0x080001ef   Thumb Code    18  memseta.o(.text)
    strlen                                   0x08000201   Thumb Code    14  strlen.o(.text)
    __0sscanf                                0x08000211   Thumb Code    48  __0sscanf.o(.text)
    _scanf_int                               0x08000249   Thumb Code   332  _scanf_int.o(.text)
    __aeabi_fadd                             0x08000395   Thumb Code   164  fadd.o(.text)
    __aeabi_fsub                             0x08000439   Thumb Code     6  fadd.o(.text)
    __aeabi_frsub                            0x0800043f   Thumb Code     6  fadd.o(.text)
    __aeabi_fmul                             0x08000445   Thumb Code   100  fmul.o(.text)
    __aeabi_fdiv                             0x080004a9   Thumb Code   124  fdiv.o(.text)
    __aeabi_ui2f                             0x08000525   Thumb Code    10  ffltui.o(.text)
    __aeabi_f2uiz                            0x0800052f   Thumb Code    40  ffixui.o(.text)
    __aeabi_f2d                              0x08000557   Thumb Code    38  f2d.o(.text)
    __aeabi_uidiv                            0x0800057d   Thumb Code     0  uidiv.o(.text)
    __aeabi_uidivmod                         0x0800057d   Thumb Code    44  uidiv.o(.text)
    __aeabi_uldivmod                         0x080005a9   Thumb Code    98  uldiv.o(.text)
    _chval                                   0x0800060b   Thumb Code    28  _chval.o(.text)
    __vfscanf_char                           0x08000635   Thumb Code    20  scanf_char.o(.text)
    _sgetc                                   0x08000651   Thumb Code    30  _sgetc.o(.text)
    _sbackspace                              0x0800066f   Thumb Code    34  _sgetc.o(.text)
    __I$use$fp                               0x08000691   Thumb Code     0  iusefp.o(.text)
    _float_round                             0x08000691   Thumb Code    18  fepilogue.o(.text)
    _float_epilogue                          0x080006a3   Thumb Code    92  fepilogue.o(.text)
    __aeabi_dadd                             0x080006ff   Thumb Code   322  dadd.o(.text)
    __aeabi_dsub                             0x08000841   Thumb Code     6  dadd.o(.text)
    __aeabi_drsub                            0x08000847   Thumb Code     6  dadd.o(.text)
    __aeabi_dmul                             0x0800084d   Thumb Code   228  dmul.o(.text)
    __aeabi_ddiv                             0x08000931   Thumb Code   222  ddiv.o(.text)
    __aeabi_d2ulz                            0x08000a0f   Thumb Code    48  dfixul.o(.text)
    __aeabi_cdrcmple                         0x08000a41   Thumb Code    48  cdrcmple.o(.text)
    __scatterload                            0x08000a71   Thumb Code    28  init.o(.text)
    __scatterload_rt2                        0x08000a71   Thumb Code     0  init.o(.text)
    __aeabi_llsl                             0x08000a95   Thumb Code    30  llshl.o(.text)
    _ll_shift_l                              0x08000a95   Thumb Code     0  llshl.o(.text)
    __aeabi_lasr                             0x08000ab3   Thumb Code    36  llsshr.o(.text)
    _ll_sshift_r                             0x08000ab3   Thumb Code     0  llsshr.o(.text)
    isspace                                  0x08000ad7   Thumb Code    10  isspace_c.o(.text)
    __vfscanf                                0x08000ae1   Thumb Code   808  _scanf.o(.text)
    _double_round                            0x08000e0d   Thumb Code    30  depilogue.o(.text)
    _double_epilogue                         0x08000e2b   Thumb Code   156  depilogue.o(.text)
    __ctype_lookup                           0x08000ec9   Thumb Code    34  ctype_c.o(.text)
    ADC_ConversionStop_Disable               0x08000ef1   Thumb Code    86  stm32f1xx_hal_adc.o(i.ADC_ConversionStop_Disable)
    ADC_DMAConvCplt                          0x08000f47   Thumb Code    78  stm32f1xx_hal_adc.o(i.ADC_DMAConvCplt)
    ADC_DMAError                             0x08000f95   Thumb Code    26  stm32f1xx_hal_adc.o(i.ADC_DMAError)
    ADC_DMAHalfConvCplt                      0x08000faf   Thumb Code    10  stm32f1xx_hal_adc.o(i.ADC_DMAHalfConvCplt)
    ADC_Enable                               0x08000fb9   Thumb Code   114  stm32f1xx_hal_adc.o(i.ADC_Enable)
    Air_off                                  0x08001035   Thumb Code    10  air.o(i.Air_off)
    Air_on                                   0x08001045   Thumb Code    10  air.o(i.Air_on)
    BusFault_Handler                         0x08001055   Thumb Code     2  stm32f1xx_it.o(i.BusFault_Handler)
    DHT11_ReadByte                           0x08001079   Thumb Code    98  dht11.o(i.DHT11_ReadByte)
    DHT11_ReadData                           0x080010e1   Thumb Code   172  dht11.o(i.DHT11_ReadData)
    DebugMon_Handler                         0x080011bb   Thumb Code     2  stm32f1xx_it.o(i.DebugMon_Handler)
    EXTI15_10_IRQHandler                     0x080011bd   Thumb Code     8  stm32f1xx_it.o(i.EXTI15_10_IRQHandler)
    EXTI1_IRQHandler                         0x080011c5   Thumb Code     6  stm32f1xx_it.o(i.EXTI1_IRQHandler)
    Error_Handler                            0x080011cb   Thumb Code     4  main.o(i.Error_Handler)
    FreeRtos_Start                           0x080011d1   Thumb Code    30  freertos_task.o(i.FreeRtos_Start)
    HAL_ADCEx_Calibration_Start              0x08001205   Thumb Code   210  stm32f1xx_hal_adc_ex.o(i.HAL_ADCEx_Calibration_Start)
    HAL_ADC_ConfigChannel                    0x080012dd   Thumb Code   240  stm32f1xx_hal_adc.o(i.HAL_ADC_ConfigChannel)
    HAL_ADC_ConvCpltCallback                 0x080013d9   Thumb Code     2  stm32f1xx_hal_adc.o(i.HAL_ADC_ConvCpltCallback)
    HAL_ADC_ConvHalfCpltCallback             0x080013db   Thumb Code     2  stm32f1xx_hal_adc.o(i.HAL_ADC_ConvHalfCpltCallback)
    HAL_ADC_ErrorCallback                    0x080013dd   Thumb Code     2  stm32f1xx_hal_adc.o(i.HAL_ADC_ErrorCallback)
    HAL_ADC_Init                             0x080013e1   Thumb Code   272  stm32f1xx_hal_adc.o(i.HAL_ADC_Init)
    HAL_ADC_MspInit                          0x080014fd   Thumb Code   122  adc.o(i.HAL_ADC_MspInit)
    HAL_ADC_Start_DMA                        0x0800158d   Thumb Code   246  stm32f1xx_hal_adc.o(i.HAL_ADC_Start_DMA)
    HAL_DMA_Init                             0x08001699   Thumb Code    84  stm32f1xx_hal_dma.o(i.HAL_DMA_Init)
    HAL_DMA_Start_IT                         0x080016f5   Thumb Code   112  stm32f1xx_hal_dma.o(i.HAL_DMA_Start_IT)
    HAL_Delay                                0x08001765   Thumb Code    32  stm32f1xx_hal.o(i.HAL_Delay)
    HAL_GPIO_EXTI_Callback                   0x08001789   Thumb Code    92  stm32f1xx_it.o(i.HAL_GPIO_EXTI_Callback)
    HAL_GPIO_EXTI_IRQHandler                 0x080017ed   Thumb Code    18  stm32f1xx_hal_gpio.o(i.HAL_GPIO_EXTI_IRQHandler)
    HAL_GPIO_Init                            0x08001805   Thumb Code   446  stm32f1xx_hal_gpio.o(i.HAL_GPIO_Init)
    HAL_GPIO_ReadPin                         0x080019e5   Thumb Code    10  stm32f1xx_hal_gpio.o(i.HAL_GPIO_ReadPin)
    HAL_GPIO_WritePin                        0x080019ef   Thumb Code    10  stm32f1xx_hal_gpio.o(i.HAL_GPIO_WritePin)
    HAL_GetTick                              0x080019f9   Thumb Code     6  stm32f1xx_hal.o(i.HAL_GetTick)
    HAL_IncTick                              0x08001a05   Thumb Code    12  stm32f1xx_hal.o(i.HAL_IncTick)
    HAL_Init                                 0x08001a15   Thumb Code    32  stm32f1xx_hal.o(i.HAL_Init)
    HAL_InitTick                             0x08001a39   Thumb Code   132  stm32f1xx_hal_timebase_tim.o(i.HAL_InitTick)
    HAL_MspInit                              0x08001ad1   Thumb Code    52  stm32f1xx_hal_msp.o(i.HAL_MspInit)
    HAL_NVIC_EnableIRQ                       0x08001b0d   Thumb Code    26  stm32f1xx_hal_cortex.o(i.HAL_NVIC_EnableIRQ)
    HAL_NVIC_SetPriority                     0x08001b29   Thumb Code    60  stm32f1xx_hal_cortex.o(i.HAL_NVIC_SetPriority)
    HAL_NVIC_SetPriorityGrouping             0x08001b69   Thumb Code    26  stm32f1xx_hal_cortex.o(i.HAL_NVIC_SetPriorityGrouping)
    HAL_RCCEx_GetPeriphCLKFreq               0x08001b8d   Thumb Code   148  stm32f1xx_hal_rcc_ex.o(i.HAL_RCCEx_GetPeriphCLKFreq)
    HAL_RCCEx_PeriphCLKConfig                0x08001c31   Thumb Code   224  stm32f1xx_hal_rcc_ex.o(i.HAL_RCCEx_PeriphCLKConfig)
    HAL_RCC_ClockConfig                      0x08001d1d   Thumb Code   280  stm32f1xx_hal_rcc.o(i.HAL_RCC_ClockConfig)
    HAL_RCC_GetClockConfig                   0x08001e49   Thumb Code    54  stm32f1xx_hal_rcc.o(i.HAL_RCC_GetClockConfig)
    HAL_RCC_GetPCLK1Freq                     0x08001e89   Thumb Code    20  stm32f1xx_hal_rcc.o(i.HAL_RCC_GetPCLK1Freq)
    HAL_RCC_GetPCLK2Freq                     0x08001ea9   Thumb Code    20  stm32f1xx_hal_rcc.o(i.HAL_RCC_GetPCLK2Freq)
    HAL_RCC_GetSysClockFreq                  0x08001ec9   Thumb Code    58  stm32f1xx_hal_rcc.o(i.HAL_RCC_GetSysClockFreq)
    HAL_RCC_OscConfig                        0x08001f15   Thumb Code   778  stm32f1xx_hal_rcc.o(i.HAL_RCC_OscConfig)
    HAL_TIMEx_BreakCallback                  0x08002235   Thumb Code     2  stm32f1xx_hal_tim_ex.o(i.HAL_TIMEx_BreakCallback)
    HAL_TIMEx_CommutCallback                 0x08002237   Thumb Code     2  stm32f1xx_hal_tim_ex.o(i.HAL_TIMEx_CommutCallback)
    HAL_TIMEx_MasterConfigSynchronization    0x08002239   Thumb Code    92  stm32f1xx_hal_tim_ex.o(i.HAL_TIMEx_MasterConfigSynchronization)
    HAL_TIM_Base_Init                        0x080022a1   Thumb Code    90  stm32f1xx_hal_tim.o(i.HAL_TIM_Base_Init)
    HAL_TIM_Base_MspInit                     0x080022fd   Thumb Code    52  tim.o(i.HAL_TIM_Base_MspInit)
    HAL_TIM_Base_Start_IT                    0x0800233d   Thumb Code    76  stm32f1xx_hal_tim.o(i.HAL_TIM_Base_Start_IT)
    HAL_TIM_ConfigClockSource                0x08002395   Thumb Code   220  stm32f1xx_hal_tim.o(i.HAL_TIM_ConfigClockSource)
    HAL_TIM_IC_CaptureCallback               0x08002471   Thumb Code     2  stm32f1xx_hal_tim.o(i.HAL_TIM_IC_CaptureCallback)
    HAL_TIM_IRQHandler                       0x08002473   Thumb Code   304  stm32f1xx_hal_tim.o(i.HAL_TIM_IRQHandler)
    HAL_TIM_MspPostInit                      0x080025a5   Thumb Code    62  tim.o(i.HAL_TIM_MspPostInit)
    HAL_TIM_OC_DelayElapsedCallback          0x080025f1   Thumb Code     2  stm32f1xx_hal_tim.o(i.HAL_TIM_OC_DelayElapsedCallback)
    HAL_TIM_PWM_ConfigChannel                0x080025f3   Thumb Code   204  stm32f1xx_hal_tim.o(i.HAL_TIM_PWM_ConfigChannel)
    HAL_TIM_PWM_Init                         0x080026bf   Thumb Code    90  stm32f1xx_hal_tim.o(i.HAL_TIM_PWM_Init)
    HAL_TIM_PWM_MspInit                      0x08002719   Thumb Code     2  stm32f1xx_hal_tim.o(i.HAL_TIM_PWM_MspInit)
    HAL_TIM_PWM_PulseFinishedCallback        0x0800271b   Thumb Code     2  stm32f1xx_hal_tim.o(i.HAL_TIM_PWM_PulseFinishedCallback)
    HAL_TIM_PWM_Start                        0x0800271d   Thumb Code   144  stm32f1xx_hal_tim.o(i.HAL_TIM_PWM_Start)
    HAL_TIM_PeriodElapsedCallback            0x080027b9   Thumb Code    14  main.o(i.HAL_TIM_PeriodElapsedCallback)
    HAL_TIM_TriggerCallback                  0x080027cd   Thumb Code     2  stm32f1xx_hal_tim.o(i.HAL_TIM_TriggerCallback)
    HAL_UART_Init                            0x080027cf   Thumb Code   100  stm32f1xx_hal_uart.o(i.HAL_UART_Init)
    HAL_UART_MspInit                         0x08002835   Thumb Code   166  usart.o(i.HAL_UART_MspInit)
    HAL_UART_Receive                         0x080028f1   Thumb Code   176  stm32f1xx_hal_uart.o(i.HAL_UART_Receive)
    HAL_UART_Transmit                        0x080029a1   Thumb Code   160  stm32f1xx_hal_uart.o(i.HAL_UART_Transmit)
    HardFault_Handler                        0x08002a41   Thumb Code     2  stm32f1xx_it.o(i.HardFault_Handler)
    MX_ADC1_Init                             0x08002a45   Thumb Code   110  adc.o(i.MX_ADC1_Init)
    MX_DMA_Init                              0x08002abd   Thumb Code    22  dma.o(i.MX_DMA_Init)
    MX_GPIO_Init                             0x08002ad9   Thumb Code   262  gpio.o(i.MX_GPIO_Init)
    MX_TIM1_Init                             0x08002bf5   Thumb Code    92  tim.o(i.MX_TIM1_Init)
    MX_TIM3_Init                             0x08002c59   Thumb Code   144  tim.o(i.MX_TIM3_Init)
    MX_USART1_UART_Init                      0x08002cf1   Thumb Code    48  usart.o(i.MX_USART1_UART_Init)
    MX_USART3_UART_Init                      0x08002d29   Thumb Code    48  usart.o(i.MX_USART3_UART_Init)
    MemManage_Handler                        0x08002d61   Thumb Code     2  stm32f1xx_it.o(i.MemManage_Handler)
    NMI_Handler                              0x08002d63   Thumb Code     2  stm32f1xx_it.o(i.NMI_Handler)
    Servo_SetAngle                           0x08002d65   Thumb Code    34  tim.o(i.Servo_SetAngle)
    SysTick_Handler                          0x08002d99   Thumb Code    20  stm32f1xx_it.o(i.SysTick_Handler)
    SystemClock_Config                       0x08002dad   Thumb Code   120  main.o(i.SystemClock_Config)
    SystemInit                               0x08002e25   Thumb Code     2  system_stm32f1xx.o(i.SystemInit)
    TIM4_IRQHandler                          0x08002e29   Thumb Code     6  stm32f1xx_it.o(i.TIM4_IRQHandler)
    TIM_Base_SetConfig                       0x08002e35   Thumb Code   108  stm32f1xx_hal_tim.o(i.TIM_Base_SetConfig)
    TIM_CCxChannelCmd                        0x08002ead   Thumb Code    26  stm32f1xx_hal_tim.o(i.TIM_CCxChannelCmd)
    TIM_ETR_SetConfig                        0x08002ec7   Thumb Code    20  stm32f1xx_hal_tim.o(i.TIM_ETR_SetConfig)
    TIM_OC2_SetConfig                        0x08002f3d   Thumb Code    84  stm32f1xx_hal_tim.o(i.TIM_OC2_SetConfig)
    UsageFault_Handler                       0x080031ef   Thumb Code     2  stm32f1xx_it.o(i.UsageFault_Handler)
    __0printf                                0x080031f1   Thumb Code    22  printfa.o(i.__0printf)
    __1printf                                0x080031f1   Thumb Code     0  printfa.o(i.__0printf)
    __2printf                                0x080031f1   Thumb Code     0  printfa.o(i.__0printf)
    __c89printf                              0x080031f1   Thumb Code     0  printfa.o(i.__0printf)
    printf                                   0x080031f1   Thumb Code     0  printfa.o(i.__0printf)
    __0sprintf                               0x08003211   Thumb Code    34  printfa.o(i.__0sprintf)
    __1sprintf                               0x08003211   Thumb Code     0  printfa.o(i.__0sprintf)
    __2sprintf                               0x08003211   Thumb Code     0  printfa.o(i.__0sprintf)
    __c89sprintf                             0x08003211   Thumb Code     0  printfa.o(i.__0sprintf)
    sprintf                                  0x08003211   Thumb Code     0  printfa.o(i.__0sprintf)
    __scatterload_copy                       0x08003259   Thumb Code    14  handlers.o(i.__scatterload_copy)
    __scatterload_null                       0x08003267   Thumb Code     2  handlers.o(i.__scatterload_null)
    __scatterload_zeroinit                   0x08003269   Thumb Code    14  handlers.o(i.__scatterload_zeroinit)
    fputc                                    0x08003b35   Thumb Code    24  usart.o(i.fputc)
    m_delay_us                               0x08003b51   Thumb Code    70  main.o(i.m_delay_us)
    main                                     0x08003b9d   Thumb Code    62  main.o(i.main)
    pvPortMalloc                             0x08003efd   Thumb Code   146  heap_4.o(i.pvPortMalloc)
    pxPortInitialiseStack                    0x08003f95   Thumb Code    32  port.o(i.pxPortInitialiseStack)
    start_task                               0x08003fb9   Thumb Code    80  freertos_task.o(i.start_task)
    task1                                    0x08004031   Thumb Code   296  freertos_task.o(i.task1)
    task2                                    0x080041a5   Thumb Code   228  freertos_task.o(i.task2)
    task3                                    0x080042bd   Thumb Code   228  freertos_task.o(i.task3)
    uxListRemove                             0x080043d5   Thumb Code    38  list.o(i.uxListRemove)
    vListInitialise                          0x080043fb   Thumb Code    22  list.o(i.vListInitialise)
    vListInitialiseItem                      0x08004411   Thumb Code     6  list.o(i.vListInitialiseItem)
    vListInsert                              0x08004417   Thumb Code    48  list.o(i.vListInsert)
    vListInsertEnd                           0x08004447   Thumb Code    24  list.o(i.vListInsertEnd)
    vPortEnterCritical                       0x08004461   Thumb Code    24  port.o(i.vPortEnterCritical)
    vPortExitCritical                        0x0800447d   Thumb Code    16  port.o(i.vPortExitCritical)
    vPortFree                                0x08004491   Thumb Code    64  heap_4.o(i.vPortFree)
    vPortSetupTimerInterrupt                 0x080044d5   Thumb Code    20  port.o(i.vPortSetupTimerInterrupt)
    vTaskDelay                               0x080044ed   Thumb Code    44  tasks.o(i.vTaskDelay)
    vTaskDelete                              0x0800451d   Thumb Code   144  tasks.o(i.vTaskDelete)
    vTaskStartScheduler                      0x080045b9   Thumb Code    64  tasks.o(i.vTaskStartScheduler)
    vTaskSuspendAll                          0x08004609   Thumb Code    10  tasks.o(i.vTaskSuspendAll)
    vTaskSwitchContext                       0x08004619   Thumb Code    60  tasks.o(i.vTaskSwitchContext)
    xPortStartScheduler                      0x0800465d   Thumb Code    38  port.o(i.xPortStartScheduler)
    xPortSysTickHandler                      0x0800468d   Thumb Code    38  port.o(i.xPortSysTickHandler)
    xTaskCreate                              0x080046b9   Thumb Code    92  tasks.o(i.xTaskCreate)
    xTaskGetSchedulerState                   0x08004715   Thumb Code    22  tasks.o(i.xTaskGetSchedulerState)
    xTaskIncrementTick                       0x08004731   Thumb Code   282  tasks.o(i.xTaskIncrementTick)
    xTaskResumeAll                           0x08004855   Thumb Code   266  tasks.o(i.xTaskResumeAll)
    AHBPrescTable                            0x08004990   Data          16  system_stm32f1xx.o(.constdata)
    APBPrescTable                            0x080049a0   Data           8  system_stm32f1xx.o(.constdata)
    __ctype_categories                       0x080049a8   Data          64  ctype_c.o(.constdata)
    Region$$Table$$Base                      0x08004a7c   Number         0  anon$$obj.o(Region$$Table)
    Region$$Table$$Limit                     0x08004a9c   Number         0  anon$$obj.o(Region$$Table)
    air_flag                                 0x20000000   Data           1  freertos_task.o(.data)
    w_flag                                   0x20000001   Data           1  freertos_task.o(.data)
    led_flag                                 0x20000002   Data           1  freertos_task.o(.data)
    beep_flag                                0x20000003   Data           1  freertos_task.o(.data)
    start_task_handle                        0x20000004   Data           4  freertos_task.o(.data)
    task1_handle                             0x20000008   Data           4  freertos_task.o(.data)
    task2_handle                             0x2000000c   Data           4  freertos_task.o(.data)
    task3_handle                             0x20000010   Data           4  freertos_task.o(.data)
    uwTickFreq                               0x20000014   Data           1  stm32f1xx_hal.o(.data)
    uwTickPrio                               0x20000018   Data           4  stm32f1xx_hal.o(.data)
    uwTick                                   0x2000001c   Data           4  stm32f1xx_hal.o(.data)
    SystemCoreClock                          0x20000020   Data           4  system_stm32f1xx.o(.data)
    pxCurrentTCB                             0x20000024   Data           4  tasks.o(.data)
    uxTopUsedPriority                        0x20000054   Data           4  tasks.o(.data)
    __stdout                                 0x20000084   Data           4  stdout.o(.data)
    hadc1                                    0x20000088   Data          48  adc.o(.bss)
    hdma_adc1                                0x200000b8   Data          68  adc.o(.bss)
    htim1                                    0x200000fc   Data          72  tim.o(.bss)
    htim3                                    0x20000144   Data          72  tim.o(.bss)
    huart1                                   0x2000018c   Data          72  usart.o(.bss)
    huart3                                   0x200001d4   Data          72  usart.o(.bss)
    htim4                                    0x2000021c   Data          72  stm32f1xx_hal_timebase_tim.o(.bss)
    __initial_sp                             0x20004b30   Data           0  startup_stm32f103xb.o(STACK)



==============================================================================

Memory Map of the image

  Image Entry point : 0x080000ed

  Load Region LR_IROM1 (Base: 0x08000000, Size: 0x00004b24, Max: 0x00010000, ABSOLUTE)

    Execution Region ER_IROM1 (Base: 0x08000000, Size: 0x00004a9c, Max: 0x00010000, ABSOLUTE)

    Base Addr    Size         Type   Attr      Idx    E Section Name        Object

    0x08000000   0x000000ec   Data   RO            3    RESET               startup_stm32f103xb.o
    0x080000ec   0x00000000   Code   RO         4198  * .ARM.Collect$$$$00000000  mc_w.l(entry.o)
    0x080000ec   0x00000004   Code   RO         4488    .ARM.Collect$$$$00000001  mc_w.l(entry2.o)
    0x080000f0   0x00000004   Code   RO         4491    .ARM.Collect$$$$00000004  mc_w.l(entry5.o)
    0x080000f4   0x00000000   Code   RO         4493    .ARM.Collect$$$$00000008  mc_w.l(entry7b.o)
    0x080000f4   0x00000000   Code   RO         4495    .ARM.Collect$$$$0000000A  mc_w.l(entry8b.o)
    0x080000f4   0x00000008   Code   RO         4496    .ARM.Collect$$$$0000000B  mc_w.l(entry9a.o)
    0x080000fc   0x00000000   Code   RO         4498    .ARM.Collect$$$$0000000D  mc_w.l(entry10a.o)
    0x080000fc   0x00000000   Code   RO         4500    .ARM.Collect$$$$0000000F  mc_w.l(entry11a.o)
    0x080000fc   0x00000004   Code   RO         4489    .ARM.Collect$$$$00002712  mc_w.l(entry2.o)
    0x08000100   0x00000096   Code   RO         4066    .emb_text           port.o
    0x08000196   0x00000002   PAD
    0x08000198   0x00000024   Code   RO            4    .text               startup_stm32f103xb.o
    0x080001bc   0x00000020   Code   RO         4201    .text               mc_w.l(llushr.o)
    0x080001dc   0x00000024   Code   RO         4205    .text               mc_w.l(memseta.o)
    0x08000200   0x0000000e   Code   RO         4207    .text               mc_w.l(strlen.o)
    0x0800020e   0x00000002   PAD
    0x08000210   0x00000038   Code   RO         4472    .text               mc_w.l(__0sscanf.o)
    0x08000248   0x0000014c   Code   RO         4474    .text               mc_w.l(_scanf_int.o)
    0x08000394   0x000000b0   Code   RO         4476    .text               mf_w.l(fadd.o)
    0x08000444   0x00000064   Code   RO         4478    .text               mf_w.l(fmul.o)
    0x080004a8   0x0000007c   Code   RO         4480    .text               mf_w.l(fdiv.o)
    0x08000524   0x0000000a   Code   RO         4482    .text               mf_w.l(ffltui.o)
    0x0800052e   0x00000028   Code   RO         4484    .text               mf_w.l(ffixui.o)
    0x08000556   0x00000026   Code   RO         4486    .text               mf_w.l(f2d.o)
    0x0800057c   0x0000002c   Code   RO         4503    .text               mc_w.l(uidiv.o)
    0x080005a8   0x00000062   Code   RO         4505    .text               mc_w.l(uldiv.o)
    0x0800060a   0x0000001c   Code   RO         4507    .text               mc_w.l(_chval.o)
    0x08000626   0x00000002   PAD
    0x08000628   0x00000028   Code   RO         4509    .text               mc_w.l(scanf_char.o)
    0x08000650   0x00000040   Code   RO         4511    .text               mc_w.l(_sgetc.o)
    0x08000690   0x00000000   Code   RO         4513    .text               mc_w.l(iusefp.o)
    0x08000690   0x0000006e   Code   RO         4514    .text               mf_w.l(fepilogue.o)
    0x080006fe   0x0000014e   Code   RO         4516    .text               mf_w.l(dadd.o)
    0x0800084c   0x000000e4   Code   RO         4518    .text               mf_w.l(dmul.o)
    0x08000930   0x000000de   Code   RO         4520    .text               mf_w.l(ddiv.o)
    0x08000a0e   0x00000030   Code   RO         4522    .text               mf_w.l(dfixul.o)
    0x08000a3e   0x00000002   PAD
    0x08000a40   0x00000030   Code   RO         4524    .text               mf_w.l(cdrcmple.o)
    0x08000a70   0x00000024   Code   RO         4526    .text               mc_w.l(init.o)
    0x08000a94   0x0000001e   Code   RO         4528    .text               mc_w.l(llshl.o)
    0x08000ab2   0x00000024   Code   RO         4530    .text               mc_w.l(llsshr.o)
    0x08000ad6   0x0000000a   Code   RO         4532    .text               mc_w.l(isspace_c.o)
    0x08000ae0   0x0000032c   Code   RO         4534    .text               mc_w.l(_scanf.o)
    0x08000e0c   0x000000ba   Code   RO         4536    .text               mf_w.l(depilogue.o)
    0x08000ec6   0x00000002   PAD
    0x08000ec8   0x00000028   Code   RO         4538    .text               mc_w.l(ctype_c.o)
    0x08000ef0   0x00000056   Code   RO          731    i.ADC_ConversionStop_Disable  stm32f1xx_hal_adc.o
    0x08000f46   0x0000004e   Code   RO          732    i.ADC_DMAConvCplt   stm32f1xx_hal_adc.o
    0x08000f94   0x0000001a   Code   RO          733    i.ADC_DMAError      stm32f1xx_hal_adc.o
    0x08000fae   0x0000000a   Code   RO          734    i.ADC_DMAHalfConvCplt  stm32f1xx_hal_adc.o
    0x08000fb8   0x0000007c   Code   RO          735    i.ADC_Enable        stm32f1xx_hal_adc.o
    0x08001034   0x00000010   Code   RO          149    i.Air_off           air.o
    0x08001044   0x00000010   Code   RO          150    i.Air_on            air.o
    0x08001054   0x00000002   Code   RO          544    i.BusFault_Handler  stm32f1xx_it.o
    0x08001056   0x00000002   PAD
    0x08001058   0x00000020   Code   RO           13    i.DHT11_PP_OUT      dht11.o
    0x08001078   0x00000068   Code   RO           14    i.DHT11_ReadByte    dht11.o
    0x080010e0   0x000000b0   Code   RO           15    i.DHT11_ReadData    dht11.o
    0x08001190   0x0000002a   Code   RO         1387    i.DMA_SetConfig     stm32f1xx_hal_dma.o
    0x080011ba   0x00000002   Code   RO          545    i.DebugMon_Handler  stm32f1xx_it.o
    0x080011bc   0x00000008   Code   RO          546    i.EXTI15_10_IRQHandler  stm32f1xx_it.o
    0x080011c4   0x00000006   Code   RO          547    i.EXTI1_IRQHandler  stm32f1xx_it.o
    0x080011ca   0x00000004   Code   RO          282    i.Error_Handler     main.o
    0x080011ce   0x00000002   PAD
    0x080011d0   0x00000034   Code   RO          182    i.FreeRtos_Start    freertos_task.o
    0x08001204   0x000000d8   Code   RO          911    i.HAL_ADCEx_Calibration_Start  stm32f1xx_hal_adc_ex.o
    0x080012dc   0x000000fc   Code   RO          737    i.HAL_ADC_ConfigChannel  stm32f1xx_hal_adc.o
    0x080013d8   0x00000002   Code   RO          738    i.HAL_ADC_ConvCpltCallback  stm32f1xx_hal_adc.o
    0x080013da   0x00000002   Code   RO          739    i.HAL_ADC_ConvHalfCpltCallback  stm32f1xx_hal_adc.o
    0x080013dc   0x00000002   Code   RO          741    i.HAL_ADC_ErrorCallback  stm32f1xx_hal_adc.o
    0x080013de   0x00000002   PAD
    0x080013e0   0x0000011c   Code   RO          746    i.HAL_ADC_Init      stm32f1xx_hal_adc.o
    0x080014fc   0x00000090   Code   RO          358    i.HAL_ADC_MspInit   adc.o
    0x0800158c   0x0000010c   Code   RO          753    i.HAL_ADC_Start_DMA  stm32f1xx_hal_adc.o
    0x08001698   0x0000005c   Code   RO         1394    i.HAL_DMA_Init      stm32f1xx_hal_dma.o
    0x080016f4   0x00000070   Code   RO         1398    i.HAL_DMA_Start_IT  stm32f1xx_hal_dma.o
    0x08001764   0x00000024   Code   RO         1014    i.HAL_Delay         stm32f1xx_hal.o
    0x08001788   0x00000064   Code   RO          548    i.HAL_GPIO_EXTI_Callback  stm32f1xx_it.o
    0x080017ec   0x00000018   Code   RO         1323    i.HAL_GPIO_EXTI_IRQHandler  stm32f1xx_hal_gpio.o
    0x08001804   0x000001e0   Code   RO         1324    i.HAL_GPIO_Init     stm32f1xx_hal_gpio.o
    0x080019e4   0x0000000a   Code   RO         1326    i.HAL_GPIO_ReadPin  stm32f1xx_hal_gpio.o
    0x080019ee   0x0000000a   Code   RO         1328    i.HAL_GPIO_WritePin  stm32f1xx_hal_gpio.o
    0x080019f8   0x0000000c   Code   RO         1018    i.HAL_GetTick       stm32f1xx_hal.o
    0x08001a04   0x00000010   Code   RO         1024    i.HAL_IncTick       stm32f1xx_hal.o
    0x08001a14   0x00000024   Code   RO         1025    i.HAL_Init          stm32f1xx_hal.o
    0x08001a38   0x00000098   Code   RO          656    i.HAL_InitTick      stm32f1xx_hal_timebase_tim.o
    0x08001ad0   0x0000003c   Code   RO          632    i.HAL_MspInit       stm32f1xx_hal_msp.o
    0x08001b0c   0x0000001a   Code   RO         1484    i.HAL_NVIC_EnableIRQ  stm32f1xx_hal_cortex.o
    0x08001b26   0x00000002   PAD
    0x08001b28   0x00000040   Code   RO         1490    i.HAL_NVIC_SetPriority  stm32f1xx_hal_cortex.o
    0x08001b68   0x00000024   Code   RO         1491    i.HAL_NVIC_SetPriorityGrouping  stm32f1xx_hal_cortex.o
    0x08001b8c   0x000000a4   Code   RO         1285    i.HAL_RCCEx_GetPeriphCLKFreq  stm32f1xx_hal_rcc_ex.o
    0x08001c30   0x000000ec   Code   RO         1286    i.HAL_RCCEx_PeriphCLKConfig  stm32f1xx_hal_rcc_ex.o
    0x08001d1c   0x0000012c   Code   RO         1182    i.HAL_RCC_ClockConfig  stm32f1xx_hal_rcc.o
    0x08001e48   0x00000040   Code   RO         1186    i.HAL_RCC_GetClockConfig  stm32f1xx_hal_rcc.o
    0x08001e88   0x00000020   Code   RO         1189    i.HAL_RCC_GetPCLK1Freq  stm32f1xx_hal_rcc.o
    0x08001ea8   0x00000020   Code   RO         1190    i.HAL_RCC_GetPCLK2Freq  stm32f1xx_hal_rcc.o
    0x08001ec8   0x0000004c   Code   RO         1191    i.HAL_RCC_GetSysClockFreq  stm32f1xx_hal_rcc.o
    0x08001f14   0x00000320   Code   RO         1194    i.HAL_RCC_OscConfig  stm32f1xx_hal_rcc.o
    0x08002234   0x00000002   Code   RO         2690    i.HAL_TIMEx_BreakCallback  stm32f1xx_hal_tim_ex.o
    0x08002236   0x00000002   Code   RO         2691    i.HAL_TIMEx_CommutCallback  stm32f1xx_hal_tim_ex.o
    0x08002238   0x00000068   Code   RO         2709    i.HAL_TIMEx_MasterConfigSynchronization  stm32f1xx_hal_tim_ex.o
    0x080022a0   0x0000005a   Code   RO         1986    i.HAL_TIM_Base_Init  stm32f1xx_hal_tim.o
    0x080022fa   0x00000002   PAD
    0x080022fc   0x00000040   Code   RO          424    i.HAL_TIM_Base_MspInit  tim.o
    0x0800233c   0x00000058   Code   RO         1991    i.HAL_TIM_Base_Start_IT  stm32f1xx_hal_tim.o
    0x08002394   0x000000dc   Code   RO         1995    i.HAL_TIM_ConfigClockSource  stm32f1xx_hal_tim.o
    0x08002470   0x00000002   Code   RO         2020    i.HAL_TIM_IC_CaptureCallback  stm32f1xx_hal_tim.o
    0x08002472   0x00000130   Code   RO         2034    i.HAL_TIM_IRQHandler  stm32f1xx_hal_tim.o
    0x080025a2   0x00000002   PAD
    0x080025a4   0x0000004c   Code   RO          425    i.HAL_TIM_MspPostInit  tim.o
    0x080025f0   0x00000002   Code   RO         2037    i.HAL_TIM_OC_DelayElapsedCallback  stm32f1xx_hal_tim.o
    0x080025f2   0x000000cc   Code   RO         2058    i.HAL_TIM_PWM_ConfigChannel  stm32f1xx_hal_tim.o
    0x080026be   0x0000005a   Code   RO         2061    i.HAL_TIM_PWM_Init  stm32f1xx_hal_tim.o
    0x08002718   0x00000002   Code   RO         2063    i.HAL_TIM_PWM_MspInit  stm32f1xx_hal_tim.o
    0x0800271a   0x00000002   Code   RO         2064    i.HAL_TIM_PWM_PulseFinishedCallback  stm32f1xx_hal_tim.o
    0x0800271c   0x0000009c   Code   RO         2066    i.HAL_TIM_PWM_Start  stm32f1xx_hal_tim.o
    0x080027b8   0x00000014   Code   RO          283    i.HAL_TIM_PeriodElapsedCallback  main.o
    0x080027cc   0x00000002   Code   RO         2077    i.HAL_TIM_TriggerCallback  stm32f1xx_hal_tim.o
    0x080027ce   0x00000064   Code   RO         2987    i.HAL_UART_Init     stm32f1xx_hal_uart.o
    0x08002832   0x00000002   PAD
    0x08002834   0x000000bc   Code   RO          491    i.HAL_UART_MspInit  usart.o
    0x080028f0   0x000000b0   Code   RO         2990    i.HAL_UART_Receive  stm32f1xx_hal_uart.o
    0x080029a0   0x000000a0   Code   RO         2995    i.HAL_UART_Transmit  stm32f1xx_hal_uart.o
    0x08002a40   0x00000002   Code   RO          549    i.HardFault_Handler  stm32f1xx_it.o
    0x08002a42   0x00000002   PAD
    0x08002a44   0x00000078   Code   RO          359    i.MX_ADC1_Init      adc.o
    0x08002abc   0x0000001c   Code   RO          399    i.MX_DMA_Init       dma.o
    0x08002ad8   0x0000011c   Code   RO          333    i.MX_GPIO_Init      gpio.o
    0x08002bf4   0x00000064   Code   RO          426    i.MX_TIM1_Init      tim.o
    0x08002c58   0x00000098   Code   RO          427    i.MX_TIM3_Init      tim.o
    0x08002cf0   0x00000038   Code   RO          492    i.MX_USART1_UART_Init  usart.o
    0x08002d28   0x00000038   Code   RO          493    i.MX_USART3_UART_Init  usart.o
    0x08002d60   0x00000002   Code   RO          550    i.MemManage_Handler  stm32f1xx_it.o
    0x08002d62   0x00000002   Code   RO          551    i.NMI_Handler       stm32f1xx_it.o
    0x08002d64   0x00000034   Code   RO          428    i.Servo_SetAngle    tim.o
    0x08002d98   0x00000014   Code   RO          552    i.SysTick_Handler   stm32f1xx_it.o
    0x08002dac   0x00000078   Code   RO          284    i.SystemClock_Config  main.o
    0x08002e24   0x00000002   Code   RO         3321    i.SystemInit        system_stm32f1xx.o
    0x08002e26   0x00000002   PAD
    0x08002e28   0x0000000c   Code   RO          553    i.TIM4_IRQHandler   stm32f1xx_it.o
    0x08002e34   0x00000078   Code   RO         2079    i.TIM_Base_SetConfig  stm32f1xx_hal_tim.o
    0x08002eac   0x0000001a   Code   RO         2080    i.TIM_CCxChannelCmd  stm32f1xx_hal_tim.o
    0x08002ec6   0x00000014   Code   RO         2090    i.TIM_ETR_SetConfig  stm32f1xx_hal_tim.o
    0x08002eda   0x00000010   Code   RO         2091    i.TIM_ITRx_SetConfig  stm32f1xx_hal_tim.o
    0x08002eea   0x00000002   PAD
    0x08002eec   0x00000050   Code   RO         2092    i.TIM_OC1_SetConfig  stm32f1xx_hal_tim.o
    0x08002f3c   0x00000058   Code   RO         2093    i.TIM_OC2_SetConfig  stm32f1xx_hal_tim.o
    0x08002f94   0x00000058   Code   RO         2094    i.TIM_OC3_SetConfig  stm32f1xx_hal_tim.o
    0x08002fec   0x00000044   Code   RO         2095    i.TIM_OC4_SetConfig  stm32f1xx_hal_tim.o
    0x08003030   0x00000022   Code   RO         2097    i.TIM_TI1_ConfigInputStage  stm32f1xx_hal_tim.o
    0x08003052   0x00000024   Code   RO         2099    i.TIM_TI2_ConfigInputStage  stm32f1xx_hal_tim.o
    0x08003076   0x0000004e   Code   RO         3010    i.UART_EndRxTransfer  stm32f1xx_hal_uart.o
    0x080030c4   0x000000b8   Code   RO         3013    i.UART_SetConfig    stm32f1xx_hal_uart.o
    0x0800317c   0x00000072   Code   RO         3016    i.UART_WaitOnFlagUntilTimeout  stm32f1xx_hal_uart.o
    0x080031ee   0x00000002   Code   RO          554    i.UsageFault_Handler  stm32f1xx_it.o
    0x080031f0   0x00000020   Code   RO         4444    i.__0printf         mc_w.l(printfa.o)
    0x08003210   0x00000028   Code   RO         4446    i.__0sprintf        mc_w.l(printfa.o)
    0x08003238   0x00000020   Code   RO         1497    i.__NVIC_SetPriority  stm32f1xx_hal_cortex.o
    0x08003258   0x0000000e   Code   RO         4543    i.__scatterload_copy  mc_w.l(handlers.o)
    0x08003266   0x00000002   Code   RO         4544    i.__scatterload_null  mc_w.l(handlers.o)
    0x08003268   0x0000000e   Code   RO         4545    i.__scatterload_zeroinit  mc_w.l(handlers.o)
    0x08003276   0x00000002   PAD
    0x08003278   0x00000184   Code   RO         4451    i._fp_digits        mc_w.l(printfa.o)
    0x080033fc   0x000006dc   Code   RO         4452    i._printf_core      mc_w.l(printfa.o)
    0x08003ad8   0x00000024   Code   RO         4453    i._printf_post_padding  mc_w.l(printfa.o)
    0x08003afc   0x0000002e   Code   RO         4454    i._printf_pre_padding  mc_w.l(printfa.o)
    0x08003b2a   0x0000000a   Code   RO         4456    i._sputc            mc_w.l(printfa.o)
    0x08003b34   0x0000001c   Code   RO          494    i.fputc             usart.o
    0x08003b50   0x0000004c   Code   RO          285    i.m_delay_us        main.o
    0x08003b9c   0x00000048   Code   RO          286    i.main              main.o
    0x08003be4   0x00000088   Code   RO         3765    i.prvAddCurrentTaskToDelayedList  tasks.o
    0x08003c6c   0x000000f0   Code   RO         3766    i.prvAddNewTaskToReadyList  tasks.o
    0x08003d5c   0x00000014   Code   RO         3767    i.prvDeleteTCB      tasks.o
    0x08003d70   0x00000044   Code   RO         4137    i.prvHeapInit       heap_4.o
    0x08003db4   0x00000060   Code   RO         3768    i.prvIdleTask       tasks.o
    0x08003e14   0x00000070   Code   RO         3769    i.prvInitialiseNewTask  tasks.o
    0x08003e84   0x0000004c   Code   RO         4138    i.prvInsertBlockIntoFreeList  heap_4.o
    0x08003ed0   0x0000001c   Code   RO         3770    i.prvResetNextTaskUnblockTime  tasks.o
    0x08003eec   0x00000010   Code   RO         4067    i.prvTaskExitError  port.o
    0x08003efc   0x00000098   Code   RO         4140    i.pvPortMalloc      heap_4.o
    0x08003f94   0x00000024   Code   RO         4068    i.pxPortInitialiseStack  port.o
    0x08003fb8   0x00000078   Code   RO          183    i.start_task        freertos_task.o
    0x08004030   0x00000174   Code   RO          184    i.task1             freertos_task.o
    0x080041a4   0x00000118   Code   RO          185    i.task2             freertos_task.o
    0x080042bc   0x00000118   Code   RO          186    i.task3             freertos_task.o
    0x080043d4   0x00000026   Code   RO         3456    i.uxListRemove      list.o
    0x080043fa   0x00000016   Code   RO         3457    i.vListInitialise   list.o
    0x08004410   0x00000006   Code   RO         3458    i.vListInitialiseItem  list.o
    0x08004416   0x00000030   Code   RO         3459    i.vListInsert       list.o
    0x08004446   0x00000018   Code   RO         3460    i.vListInsertEnd    list.o
    0x0800445e   0x00000002   PAD
    0x08004460   0x0000001c   Code   RO         4070    i.vPortEnterCritical  port.o
    0x0800447c   0x00000014   Code   RO         4071    i.vPortExitCritical  port.o
    0x08004490   0x00000044   Code   RO         4141    i.vPortFree         heap_4.o
    0x080044d4   0x00000018   Code   RO         4072    i.vPortSetupTimerInterrupt  port.o
    0x080044ec   0x00000030   Code   RO         3778    i.vTaskDelay        tasks.o
    0x0800451c   0x0000009c   Code   RO         3779    i.vTaskDelete       tasks.o
    0x080045b8   0x00000050   Code   RO         3790    i.vTaskStartScheduler  tasks.o
    0x08004608   0x00000010   Code   RO         3792    i.vTaskSuspendAll   tasks.o
    0x08004618   0x00000044   Code   RO         3793    i.vTaskSwitchContext  tasks.o
    0x0800465c   0x00000030   Code   RO         4073    i.xPortStartScheduler  port.o
    0x0800468c   0x0000002c   Code   RO         4074    i.xPortSysTickHandler  port.o
    0x080046b8   0x0000005c   Code   RO         3796    i.xTaskCreate       tasks.o
    0x08004714   0x0000001c   Code   RO         3803    i.xTaskGetSchedulerState  tasks.o
    0x08004730   0x00000124   Code   RO         3806    i.xTaskIncrementTick  tasks.o
    0x08004854   0x00000118   Code   RO         3808    i.xTaskResumeAll    tasks.o
    0x0800496c   0x00000012   Data   RO         1195    .constdata          stm32f1xx_hal_rcc.o
    0x0800497e   0x00000012   Data   RO         1287    .constdata          stm32f1xx_hal_rcc_ex.o
    0x08004990   0x00000010   Data   RO         3322    .constdata          system_stm32f1xx.o
    0x080049a0   0x00000008   Data   RO         3323    .constdata          system_stm32f1xx.o
    0x080049a8   0x00000040   Data   RO         4539    .constdata          mc_w.l(ctype_c.o)
    0x080049e8   0x00000092   Data   RO          187    .conststring        freertos_task.o
    0x08004a7a   0x00000002   PAD
    0x08004a7c   0x00000020   Data   RO         4541    Region$$Table       anon$$obj.o


    Execution Region RW_IRAM1 (Base: 0x20000000, Size: 0x00004b30, Max: 0x00005000, ABSOLUTE)

    Base Addr    Size         Type   Attr      Idx    E Section Name        Object

    0x20000000   0x00000014   Data   RW          188    .data               freertos_task.o
    0x20000014   0x0000000c   Data   RW         1032    .data               stm32f1xx_hal.o
    0x20000020   0x00000004   Data   RW         3324    .data               system_stm32f1xx.o
    0x20000024   0x00000040   Data   RW         3811    .data               tasks.o
    0x20000064   0x00000004   Data   RW         4075    .data               port.o
    0x20000068   0x0000001c   Data   RW         4147    .data               heap_4.o
    0x20000084   0x00000004   Data   RW         4502    .data               mc_w.l(stdout.o)
    0x20000088   0x00000074   Zero   RW          360    .bss                adc.o
    0x200000fc   0x00000090   Zero   RW          430    .bss                tim.o
    0x2000018c   0x00000090   Zero   RW          495    .bss                usart.o
    0x2000021c   0x00000048   Zero   RW          659    .bss                stm32f1xx_hal_timebase_tim.o
    0x20000264   0x000000c8   Zero   RW         3810    .bss                tasks.o
    0x2000032c   0x00004400   Zero   RW         4146    .bss                heap_4.o
    0x2000472c   0x00000004   PAD
    0x20004730   0x00000400   Zero   RW            1    STACK               startup_stm32f103xb.o


==============================================================================

Image component sizes


      Code (inc. data)   RO Data    RW Data    ZI Data      Debug   Object Name

       264         32          0          0        116       1703   adc.o
        32         12          0          0          0        747   air.o
       312         16          0          0          0     449210   dht11.o
        28          6          0          0          0        698   dma.o
         0          0          0          0          0       2480   event_groups.o
      1104        242        146         20          0      18976   freertos_task.o
       284         22          0          0          0        975   gpio.o
       364         22          0         28      17408       4503   heap_4.o
       138          0          0          0          0       3034   list.o
       292         22          0          0          0       3077   main.o
       366         44          0          4          0       8940   port.o
        36          8        236          0       1024        784   startup_stm32f103xb.o
       100         18          0         12          0       5102   stm32f1xx_hal.o
      1134         56          0          0          0       8282   stm32f1xx_hal_adc.o
       216          6          0          0          0       1390   stm32f1xx_hal_adc_ex.o
       158         14          0          0          0      28078   stm32f1xx_hal_cortex.o
       246          8          0          0          0       2558   stm32f1xx_hal_dma.o
       524         40          0          0          0       4014   stm32f1xx_hal_gpio.o
        60          8          0          0          0        830   stm32f1xx_hal_msp.o
      1304         94         18          0          0       5597   stm32f1xx_hal_rcc.o
       400         28         18          0          0       2405   stm32f1xx_hal_rcc_ex.o
      1738         56          0          0          0      15666   stm32f1xx_hal_tim.o
       108         12          0          0          0       2321   stm32f1xx_hal_tim_ex.o
       152         20          0          0         72       1415   stm32f1xx_hal_timebase_tim.o
       812          6          0          0          0       5603   stm32f1xx_hal_uart.o
       158         14          0          0          0       4780   stm32f1xx_it.o
         2          0         24          4          0       1059   system_stm32f1xx.o
      1692        116          0         64        200      26175   tasks.o
       444         60          0          0        144       3515   tim.o
       328         42          0          0        144       2771   usart.o

    ----------------------------------------------------------------------
     12820       1024        476        132      19112     616688   Object Totals
         0          0         32          0          0          0   (incl. Generated)
        24          0          2          0          4          0   (incl. Padding)

    ----------------------------------------------------------------------

      Code (inc. data)   RO Data    RW Data    ZI Data      Debug   Library Member Name

        56          8          0          0          0         84   __0sscanf.o
        28          0          0          0          0         68   _chval.o
       812          4          0          0          0        112   _scanf.o
       332          0          0          0          0         96   _scanf_int.o
        64          0          0          0          0         84   _sgetc.o
        40          6         64          0          0         68   ctype_c.o
         0          0          0          0          0          0   entry.o
         0          0          0          0          0          0   entry10a.o
         0          0          0          0          0          0   entry11a.o
         8          4          0          0          0          0   entry2.o
         4          0          0          0          0          0   entry5.o
         0          0          0          0          0          0   entry7b.o
         0          0          0          0          0          0   entry8b.o
         8          4          0          0          0          0   entry9a.o
        30          0          0          0          0          0   handlers.o
        36          8          0          0          0         68   init.o
        10          0          0          0          0         68   isspace_c.o
         0          0          0          0          0          0   iusefp.o
        30          0          0          0          0         68   llshl.o
        36          0          0          0          0         68   llsshr.o
        32          0          0          0          0         68   llushr.o
        36          0          0          0          0        108   memseta.o
      2308         96          0          0          0        604   printfa.o
        40          8          0          0          0         84   scanf_char.o
         0          0          0          4          0          0   stdout.o
        14          0          0          0          0         68   strlen.o
        44          0          0          0          0         80   uidiv.o
        98          0          0          0          0         92   uldiv.o
        48          0          0          0          0         68   cdrcmple.o
       334          0          0          0          0        148   dadd.o
       222          0          0          0          0        100   ddiv.o
       186          0          0          0          0        176   depilogue.o
        48          0          0          0          0         68   dfixul.o
       228          0          0          0          0         96   dmul.o
        38          0          0          0          0         68   f2d.o
       176          0          0          0          0        140   fadd.o
       124          0          0          0          0         88   fdiv.o
       110          0          0          0          0        168   fepilogue.o
        40          0          0          0          0         68   ffixui.o
        10          0          0          0          0         68   ffltui.o
       100          0          0          0          0         76   fmul.o

    ----------------------------------------------------------------------
      5740        138         64          4          0       3220   Library Totals
        10          0          0          0          0          0   (incl. Padding)

    ----------------------------------------------------------------------

      Code (inc. data)   RO Data    RW Data    ZI Data      Debug   Library Name

      4066        138         64          4          0       1888   mc_w.l
      1664          0          0          0          0       1332   mf_w.l

    ----------------------------------------------------------------------
      5740        138         64          4          0       3220   Library Totals

    ----------------------------------------------------------------------

==============================================================================


      Code (inc. data)   RO Data    RW Data    ZI Data      Debug   

     18560       1162        540        136      19112     611168   Grand Totals
     18560       1162        540        136      19112     611168   ELF Image Totals
     18560       1162        540        136          0          0   ROM Totals

==============================================================================

    Total RO  Size (Code + RO Data)                19100 (  18.65kB)
    Total RW  Size (RW Data + ZI Data)             19248 (  18.80kB)
    Total ROM Size (Code + RO Data + RW Data)      19236 (  18.79kB)

==============================================================================

